IQ-TREE multicore version 2.0.7 for Linux 64-bit built Nov 30 2024
Developed by Bui Quang Minh, Nguyen Lam Tung, Olga Chernomor,
Heiko Schmidt, Dominik Schrempf, Michael Woodhams.

Host:    iquimica21-04 (AVX2, FMA3, 7 GB RAM)
Command: iqtree2 -s 03_Results/MSA_Ycao_juntas_curadas_Clipkit.fasta -m MFP -bb 1000 -nt AUTO
Seed:    932711 (Using SPRNG - Scalable Parallel Random Number Generator)
Time:    Wed Sep 30 14:20:32 2026
Kernel:  AVX+FMA - auto-detect threads (16 CPU cores detected)

Reading alignment file 03_Results/MSA_Ycao_juntas_curadas_Clipkit.fasta ... Fasta format detected
Alignment most likely contains protein sequences
Alignment has 732 sequences with 1625 columns, 1597 distinct patterns
1054 parsimony-informative, 529 singleton sites, 42 constant sites
                Gap/Ambiguity  Composition  p-value
   1  WP_083114460.1   74.40%    failed      0.54%
   2  WP_176357834.1   74.22%    passed     23.66%
   3  WP_191496964.1   74.40%    failed      0.61%
   4  WP_149656398.1   74.58%    failed      1.32%
   5  WP_083102943.1   74.40%    failed      3.51%
   6  ETW23815.1       77.85%    passed     21.16%
   7  WP_083115648.1   74.65%    passed     13.48%
   8  WP_204808186.1   74.65%    failed      1.35%
   9  MBA2393707.1     76.00%    failed      0.00%
  10  WP_356069469.1   77.17%    failed      0.00%
  11  WP_319323205.1   77.17%    failed      0.00%
  12  HZS15580.1       76.62%    passed     30.49%
  13  CTQ90668.1       76.55%    passed      8.98%
  14  WP_403588062.1   76.74%    failed      0.44%
  15  WP_467522726.1   77.11%    passed     19.66%
  16  WP_389374671.1   76.25%    passed     14.99%
  17  WP_403586322.1   76.80%    passed      9.30%
  18  WP_450660468.1   77.29%    failed      3.83%
  19  WP_356049549.1   76.68%    passed     45.97%
  20  WP_091657146.1   76.92%    passed     47.88%
  21  WP_388241940.1   77.17%    passed     90.24%
  22  WP_403586331.1   77.05%    passed     20.24%
  23  WP_189163969.1   76.86%    passed     69.85%
  24  WP_359158592.1   76.43%    passed     44.03%
  25  WP_389736129.1   74.58%    passed     32.84%
  26  WP_467611771.1   76.68%    passed     30.24%
  27  WP_388118643.1   76.37%    passed     27.54%
  28  WP_266727975.1   76.80%    passed     57.68%
  29  WP_346186757.1   76.49%    passed     26.95%
  30  WP_269726844.1   75.63%    failed      4.30%
  31  WP_403586454.1   75.45%    failed      0.00%
  32  WP_433017708.1   74.77%    passed     10.02%
  33  WP_363666984.1   74.28%    passed     49.64%
  34  WP_165547105.1   74.58%    failed      4.81%
  35  WP_397561592.1   76.49%    passed     77.96%
  36  WP_367742229.1   76.25%    passed     40.75%
  37  WP_083752781.1   76.18%    passed     60.75%
  38  WP_378397404.1   76.06%    passed     67.59%
  39  WP_378239312.1   75.63%    passed      8.55%
  40  WP_364263251.1   75.51%    passed     80.72%
  41  WP_215545201.1   76.06%    passed     78.04%
  42  WP_360648164.1   76.92%    passed     46.47%
  43  WP_344492087.1   77.11%    passed     87.23%
  44  WP_083597223.1   74.71%    passed     52.32%
  45  WP_449827011.1   76.98%    passed     53.30%
  46  WP_474574407.1   76.74%    passed     74.16%
  47  WP_467175909.1   76.55%    passed     69.47%
  48  WP_201825510.1   76.62%    passed     99.69%
  49  WP_345052913.1   76.55%    passed     85.15%
  50  WP_392202966.1   76.18%    passed     61.88%
  51  WP_403745472.1   71.45%    passed     59.26%
  52  WP_469281253.1   76.49%    passed     76.21%
  53  WP_426600723.1   76.43%    passed     97.38%
  54  WP_391985697.1   76.49%    passed     78.01%
  55  WP_398858290.1   76.55%    passed     88.16%
  56  WP_384299982.1   76.43%    passed     83.40%
  57  MER8002107.1     76.43%    passed     27.74%
  58  WP_383022969.1   76.43%    passed     64.99%
  59  WP_384975899.1   76.43%    passed     69.68%
  60  WP_093603917.1   76.43%    passed     25.11%
  61  WP_319120639.1   76.49%    passed     87.93%
  62  WP_189959081.1   76.55%    passed     37.79%
  63  WP_450591361.1   76.49%    passed     53.02%
  64  WP_471116613.1   76.55%    passed     32.60%
  65  WP_007495061.1   76.55%    passed     99.38%
  66  WP_478837025.1   76.55%    passed     99.68%
  67  WP_161162749.1   76.55%    passed     87.37%
  68  WP_405557777.1   76.55%    passed     37.16%
  69  WP_382216014.1   76.49%    passed     50.43%
  70  WP_329140980.1   77.17%    failed      3.19%
  71  WP_369043455.1   76.68%    passed     42.90%
  72  WP_404124346.1   76.74%    passed     39.91%
  73  WP_453232837.1   76.55%    passed     54.57%
  74  WP_453100564.1   76.62%    passed     85.07%
  75  WP_450676941.1   76.62%    passed     60.50%
  76  WP_393534978.1   76.55%    passed     65.43%
  77  WP_366251118.1   76.55%    passed     75.69%
  78  WP_501028670.1   76.49%    passed     52.76%
  79  WP_330346613.1   76.49%    passed     69.18%
  80  WP_451626357.1   76.43%    passed     73.31%
  81  WP_471105049.1   77.42%    passed     77.92%
  82  WP_356048395.1   76.49%    passed     85.22%
  83  WP_344430779.1   76.49%    passed     41.41%
  84  WP_161360396.1   76.49%    passed     90.26%
  85  WP_266646428.1   76.55%    passed     81.17%
  86  WP_365936421.1   76.49%    passed     57.38%
  87  WP_386978664.1   76.49%    passed     84.33%
  88  WP_361702572.1   76.49%    passed     48.79%
  89  WP_393704003.1   76.49%    passed     80.22%
  90  WP_057608322.1   76.62%    passed     93.50%
  91  HET6857489.1     76.86%    passed     16.23%
  92  WP_250849209.1   76.55%    passed     62.05%
  93  WP_401696079.1   76.49%    passed     16.09%
  94  WP_099279259.1   76.62%    failed      1.72%
  95  WP_450216632.1   76.80%    passed     52.43%
  96  WP_344047966.1   76.55%    passed     56.56%
  97  WP_388749211.1   76.55%    passed     88.36%
  98  WP_129292093.1   76.49%    passed     73.67%
  99  MEU1622394.1     76.55%    passed     83.22%
 100  WP_385695825.1   76.49%    passed     42.07%
 101  WP_384124890.1   76.62%    passed     84.59%
 102  WP_362457403.1   76.49%    passed     83.98%
 103  WP_403036440.1   76.49%    passed     31.96%
 104  WP_468269049.1   76.49%    passed     81.13%
 105  WP_399608155.1   76.49%    passed     84.73%
 106  WP_365830337.1   77.05%    passed     49.72%
 107  WP_469369360.1   76.49%    passed     27.32%
 108  WP_331915418.1   76.62%    passed     94.80%
 109  WP_386372962.1   76.62%    passed     77.51%
 110  WP_470111340.1   76.49%    passed     89.19%
 111  WP_329296153.1   76.49%    passed     15.08%
 112  WP_094009173.1   76.49%    passed     32.40%
 113  WP_401254942.1   76.49%    passed     23.79%
 114  WP_402147930.1   76.49%    passed     29.44%
 115  WP_470845986.1   76.68%    passed      6.10%
 116  WP_468233439.1   76.55%    failed      1.06%
 117  WP_388682016.1   76.62%    passed     19.91%
 118  WP_478996475.1   76.55%    passed     20.24%
 119  WP_267092125.1   76.62%    passed      5.38%
 120  MER6314431.1     76.55%    failed      4.60%
 121  WP_327389163.1   76.80%    failed      0.64%
 122  WP_383494014.1   76.25%    passed     16.75%
 123  WP_097276114.1   76.25%    passed     39.60%
 124  WP_398072594.1   76.68%    passed     54.85%
 125  WP_289956568.1   76.55%    passed     93.78%
 126  WP_266593087.1   76.86%    failed      2.33%
 127  WP_483799143.1   76.62%    passed     56.47%
 128  WP_400987886.1   76.80%    passed     53.59%
 129  WP_402423378.1   76.74%    passed     93.29%
 130  WP_380223902.1   76.74%    passed     82.04%
 131  WP_164258107.1   76.74%    passed     42.29%
 132  WP_399954179.1   76.68%    passed     33.19%
 133  WP_451453850.1   76.74%    passed     90.16%
 134  WP_356202091.1   76.74%    passed     82.84%
 135  WP_355836860.1   76.68%    passed     59.99%
 136  WP_389137499.1   76.55%    passed     64.21%
 137  WP_384910275.1   76.74%    passed     88.56%
 138  WP_254374891.1   76.74%    passed     91.02%
 139  WP_257429820.1   76.92%    failed      0.04%
 140  WP_413754959.1   74.89%    passed     96.43%
 141  WP_356808563.1   76.68%    passed      6.75%
 142  WP_360271266.1   77.11%    passed     50.33%
 143  WP_459646303.1   77.42%    passed     46.44%
 144  WP_037881970.1   76.74%    passed     75.22%
 145  WP_388810168.1   76.68%    passed     52.74%
 146  WP_394728286.1   76.68%    passed     82.91%
 147  WP_392746365.1   76.68%    passed     44.64%
 148  WP_384214890.1   76.68%    passed     38.24%
 149  WP_478942741.1   76.68%    passed     53.48%
 150  WP_346184418.1   76.68%    passed     20.31%
 151  WP_365055450.1   76.68%    passed     22.62%
 152  WP_388926106.1   75.82%    failed      0.01%
 153  WP_393123944.1   76.55%    passed     39.38%
 154  WP_271223157.1   76.31%    passed     77.80%
 155  WP_355592321.1   76.49%    passed     19.22%
 156  WP_082688384.1   76.55%    passed     75.46%
 157  WP_167475652.1   76.49%    passed     83.38%
 158  QIS13061.1       67.02%    passed     12.77%
 159  WP_280236342.1   76.62%    passed     23.38%
 160  WP_357441898.1   76.62%    passed     47.44%
 161  WP_280238243.1   76.62%    passed     45.11%
 162  ODU05661.1       76.49%    passed     59.39%
 163  WP_370356716.1   76.06%    passed     52.57%
 164  WP_213456333.1   75.63%    passed     84.35%
 165  WP_193614088.1   75.88%    passed     15.25%
 166  WP_380625976.1   76.06%    passed     79.43%
 167  WP_398418823.1   75.57%    passed     86.06%
 168  WP_229326066.1   75.51%    passed     85.47%
 169  WP_449841714.1   76.12%    passed     14.92%
 170  WP_360047594.1   76.12%    passed      9.70%
 171  WP_449871421.1   76.68%    passed     68.17%
 172  WP_112264076.1   76.18%    passed     52.25%
 173  WP_203897799.1   76.37%    passed     43.83%
 174  HKS99310.1       76.62%    passed     75.74%
 175  MHR6347704.1     76.62%    passed     66.04%
 176  WP_425774763.1   76.49%    passed     28.11%
 177  WP_130510122.1   76.12%    passed     74.47%
 178  HTZ44682.1       75.75%    passed     68.02%
 179  WP_183662695.1   76.12%    passed     73.16%
 180  WP_355375723.1   76.12%    passed     41.89%
 181  WP_356810780.1   76.00%    passed     46.84%
 182  WP_330323315.1   76.06%    passed     14.24%
 183  WP_173874136.1   77.17%    passed      8.88%
 184  WP_396524989.1   76.49%    passed     79.81%
 185  HEY6311061.1     76.86%    passed     17.31%
 186  HEU5353237.1     75.57%    passed     42.54%
 187  WP_184777112.1   76.55%    passed     40.35%
 188  WP_120025445.1   76.55%    passed     65.39%
 189  XWA91042.1       76.55%    passed     70.62%
 190  WP_344865570.1   76.49%    passed     79.88%
 191  WP_328609580.1   76.62%    passed     68.76%
 192  HEX3778379.1     75.88%    passed     63.29%
 193  HEY4453176.1     76.80%    passed     87.16%
 194  HEY2698429.1     76.74%    passed     81.38%
 195  HEV3355167.1     76.80%    passed     30.98%
 196  HEV3355158.1     76.92%    passed     95.71%
 197  HEY4018024.1     76.80%    passed     75.31%
 198  WP_370942424.1   76.92%    passed     39.46%
 199  WP_173140785.1   76.62%    passed     10.86%
 200  WP_076986768.1   76.62%    passed     19.54%
 201  WP_324165434.1   75.57%    failed      0.35%
 202  MEU3765294.1     76.18%    failed      1.00%
 203  WP_054569301.1   76.31%    passed     79.88%
 204  WP_018637157.1   76.62%    passed     73.86%
 205  WP_416582624.1   75.75%    passed     66.66%
 206  HUD39674.1       75.69%    passed      7.42%
 207  WP_327040104.1   76.12%    passed     32.21%
 208  WP_436528703.1   76.18%    passed     85.72%
 209  HBL26586.1       76.12%    passed     72.13%
 210  HEX4966296.1     76.62%    passed     64.06%
 211  MGC7101406.1     76.00%    passed     89.95%
 212  WP_423575480.1   76.00%    passed     54.40%
 213  WP_285967728.1   76.12%    passed     84.42%
 214  WP_145937100.1   76.12%    passed     33.25%
 215  WP_367792475.1   76.49%    passed     95.55%
 216  WP_368960386.1   74.22%    failed      1.58%
 217  WP_453818444.1   76.43%    passed     67.86%
 218  WP_387747080.1   75.57%    passed     57.16%
 219  WP_179166707.1   75.69%    passed     65.44%
 220  WP_389290924.1   75.88%    passed     85.32%
 221  WP_193460618.1   75.69%    passed     48.13%
 222  WP_215449692.1   75.14%    passed     51.95%
 223  WP_344642606.1   75.75%    passed     74.54%
 224  WP_402151736.1   75.94%    passed     81.16%
 225  WP_389474617.1   75.94%    passed     40.67%
 226  WP_404101868.1   75.94%    passed     22.88%
 227  WP_453821561.1   75.94%    passed     14.31%
 228  WP_385859880.1   74.65%    passed     38.01%
 229  WP_453599844.1   77.17%    passed     59.99%
 230  WP_433091172.1   75.94%    passed     86.12%
 231  WP_451796972.1   74.40%    passed     49.84%
 232  WP_221087100.1   75.88%    passed     73.77%
 233  WP_421479357.1   75.88%    passed     96.20%
 234  WP_164447499.1   75.88%    passed     99.68%
 235  WP_158573769.1   76.18%    passed     88.97%
 236  HKG38029.1       76.00%    passed     45.86%
 237  WP_469995344.1   76.12%    passed      6.78%
 238  WP_179285152.1   75.63%    passed     71.48%
 239  MCW2931573.1     76.18%    passed     26.14%
 240  WP_370967182.1   75.32%    passed     53.22%
 241  WP_075129297.1   75.69%    passed     54.78%
 242  WP_378394637.1   74.83%    passed     10.47%
 243  WP_378349646.1   75.20%    passed     10.28%
 244  WP_361026508.1   75.69%    passed     49.83%
 245  WP_222953028.1   75.26%    passed     45.45%
 246  MET0418791.1     76.00%    passed     12.68%
 247  WP_326414878.1   75.57%    passed     30.42%
 248  WP_444828554.1   75.63%    passed     13.17%
 249  MDQ2873315.1     76.18%    passed     71.32%
 250  WP_211290407.1   75.69%    passed     45.83%
 251  WP_110565442.1   75.02%    passed     52.20%
 252  WP_074475319.1   75.02%    passed     39.97%
 253  WP_393141813.1   75.57%    passed     29.65%
 254  WP_110669060.1   76.00%    passed     80.42%
 255  WP_276095330.1   75.57%    passed     35.23%
 256  WP_329061001.1   75.63%    passed     81.08%
 257  MBL7256029.1     75.69%    passed     46.75%
 258  WP_159047997.1   76.62%    passed     97.35%
 259  WP_311633411.1   76.55%    passed     37.59%
 260  HEY7224673.1     75.88%    passed      6.71%
 261  WP_037658204.1   76.43%    passed     47.84%
 262  WP_423623616.1   75.45%    passed     18.55%
 263  WP_363250874.1   75.94%    passed     97.56%
 264  WP_467898441.1   75.88%    passed     69.36%
 265  WP_189056188.1   75.57%    failed      2.89%
 266  WP_334027414.1   75.94%    failed      2.79%
 267  WP_209666929.1   74.52%    passed     17.28%
 268  WP_384459438.1   76.06%    passed     52.83%
 269  WP_063274437.1   75.94%    passed     19.33%
 270  WP_228708422.1   73.72%    failed      3.46%
 271  XWI29643.1       76.25%    passed     74.63%
 272  WP_323392051.1   74.52%    passed     42.27%
 273  WP_451517604.1   75.02%    failed      0.27%
 274  WP_318316740.1   75.94%    failed      0.64%
 275  WP_362060345.1   75.51%    passed     80.27%
 276  WP_363063084.1   75.02%    passed     49.69%
 277  WP_403628298.1   75.45%    passed     76.28%
 278  WP_351826049.1   75.51%    passed     83.54%
 279  WP_384893003.1   76.18%    failed      0.42%
 280  WP_382816179.1   75.51%    failed      0.00%
 281  WP_391212236.1   75.32%    passed     50.55%
 282  WP_389814806.1   75.63%    failed      4.91%
 283  WP_453493330.1   75.57%    failed      3.93%
 284  WP_356598123.1   75.57%    passed     24.45%
 285  WP_365369664.1   75.57%    failed      3.29%
 286  WP_376301376.1   75.57%    failed      0.13%
 287  WP_479024215.1   75.57%    passed      6.01%
 288  WP_451803325.1   75.57%    failed      0.56%
 289  WP_082822395.1   76.25%    failed      0.01%
 290  WP_100521517.1   74.46%    failed      0.00%
 291  WP_067519990.1   75.51%    failed      4.96%
 292  MGQ4616392.1     76.18%    failed      0.01%
 293  WP_398441949.1   76.25%    passed     98.92%
 294  WP_452168608.1   76.31%    passed     42.73%
 295  WP_397769856.1   76.31%    failed      2.60%
 296  WP_467696119.1   76.25%    passed     20.06%
 297  WP_451272916.1   76.25%    passed     15.09%
 298  MGH8882433.1     77.54%    passed     15.07%
 299  WP_363536697.1   76.31%    passed     44.47%
 300  WP_270122460.1   76.62%    passed     21.35%
 301  WP_198667552.1   76.43%    passed     58.30%
 302  WP_382349034.1   76.62%    passed     57.89%
 303  WP_359949530.1   76.62%    passed      9.81%
 304  WP_344485181.1   77.60%    passed     39.54%
 305  WP_218125530.1   76.43%    passed     13.14%
 306  WP_218126502.1   76.49%    passed     34.75%
 307  WP_465440019.1   76.37%    passed      6.38%
 308  WP_422407755.1   76.37%    passed     73.16%
 309  WP_389945538.1   76.37%    passed      9.49%
 310  WP_311626205.1   76.00%    passed      8.00%
 311  WP_384168829.1   76.06%    passed     83.45%
 312  WP_385544673.1   76.06%    passed     27.14%
 313  WP_402658780.1   76.06%    passed     44.42%
 314  WP_469478788.1   76.18%    passed     69.52%
 315  WP_466734999.1   76.25%    passed     55.25%
 316  WP_384206941.1   76.06%    passed     41.62%
 317  WP_387346596.1   76.25%    passed     89.82%
 318  WP_363283108.1   76.25%    passed     73.28%
 319  WP_369228969.1   76.00%    passed     20.40%
 320  WP_329073631.1   76.12%    passed     11.16%
 321  WP_405796343.1   76.06%    passed      8.83%
 322  WP_019885858.1   75.94%    passed     65.21%
 323  WP_137992698.1   75.94%    passed     44.75%
 324  WP_243329870.1   75.94%    failed      4.44%
 325  WP_381819026.1   76.06%    passed     23.07%
 326  WP_489408201.1   76.06%    passed     82.30%
 327  WP_380756640.1   75.94%    passed     37.08%
 328  MER8104565.1     75.88%    passed     51.52%
 329  WP_355362236.1   75.88%    passed     79.27%
 330  WTW95368.1       76.00%    passed     24.18%
 331  WP_431981441.1   75.75%    passed      7.17%
 332  WP_453343741.1   75.94%    passed     29.19%
 333  WP_344287771.1   75.75%    failed      1.21%
 334  WP_328868638.1   75.94%    passed     92.40%
 335  WP_165337348.1   75.88%    passed     61.17%
 336  WP_381640419.1   75.88%    passed     57.45%
 337  RLU86244.1       76.25%    passed     23.01%
 338  WP_399439263.1   76.06%    passed     62.55%
 339  WP_369375382.1   76.18%    passed     23.98%
 340  WP_391000521.1   76.06%    passed     26.54%
 341  WP_328868690.1   75.38%    passed     31.42%
 342  WP_189875310.1   76.00%    passed     19.33%
 343  WP_055633699.1   75.45%    passed     30.97%
 344  WP_138058429.1   76.00%    passed     39.43%
 345  WP_400762750.1   76.00%    passed     40.64%
 346  WP_114626704.1   76.12%    passed     17.78%
 347  WP_471338002.1   76.06%    passed     43.67%
 348  WP_365633369.1   76.12%    passed     52.75%
 349  WP_355883384.1   76.00%    passed     50.01%
 350  WP_376305983.1   76.12%    passed     69.47%
 351  WP_404119786.1   76.00%    passed     55.96%
 352  WP_448333949.1   76.12%    passed     46.26%
 353  WP_382560956.1   76.12%    passed     82.81%
 354  WP_030794381.1   76.00%    passed     33.25%
 355  WUT01545.1       76.00%    passed     53.89%
 356  WP_391629356.1   76.12%    passed     37.25%
 357  WP_326698474.1   76.00%    passed     24.20%
 358  WP_329066663.1   76.12%    passed     43.46%
 359  WP_266361574.1   76.00%    passed     41.72%
 360  MGH3191243.1     76.31%    failed      0.01%
 361  WP_345442660.1   76.12%    passed     83.36%
 362  WP_364427040.1   76.12%    passed     73.25%
 363  WP_405803087.1   76.55%    passed     85.94%
 364  WP_067972339.1   76.37%    passed     16.12%
 365  WP_156206976.1   76.18%    passed     76.19%
 366  WP_046090867.1   76.25%    passed     53.40%
 367  WP_399148564.1   76.00%    passed     61.36%
 368  HEX5493803.1     74.95%    passed     71.32%
 369  WP_354785015.1   75.88%    failed      0.52%
 370  WP_479021549.1   76.37%    passed     23.46%
 371  WP_450944137.1   76.31%    passed     10.72%
 372  MDG5807917.1     76.31%    passed     29.54%
 373  WP_382283009.1   76.31%    passed     66.41%
 374  MCI0685909.1     76.12%    passed     20.11%
 375  MCI0688548.1     74.28%    passed     12.92%
 376  WP_253882135.1   75.63%    passed     16.74%
 377  WP_433178178.1   76.18%    passed     31.42%
 378  WP_345349819.1   76.25%    failed      3.21%
 379  WP_460349948.1   76.18%    passed      5.93%
 380  WP_044850624.1   76.55%    passed     96.02%
 381  WP_362183836.1   75.20%    passed     21.75%
 382  WP_347680705.1   74.22%    failed      1.25%
 383  WP_436765562.1   76.31%    passed     31.91%
 384  WP_233521474.1   76.49%    passed     59.39%
 385  WP_382785039.1   76.00%    failed      4.26%
 386  WP_467692594.1   76.06%    passed     74.37%
 387  WP_308944696.1   75.02%    failed      1.77%
 388  WP_358872109.1   75.14%    failed      2.95%
 389  WP_356731313.1   75.88%    failed      2.21%
 390  WP_280929238.1   76.00%    passed      5.53%
 391  WP_381708104.1   76.18%    passed     16.10%
 392  WP_403550525.1   75.75%    passed     70.32%
 393  WP_310869278.1   76.55%    failed      2.61%
 394  WP_384506017.1   75.75%    passed     11.91%
 395  WP_451153632.1   75.75%    failed      1.50%
 396  WP_240152258.1   75.88%    passed      9.18%
 397  WP_262038524.1   75.75%    passed     23.49%
 398  WP_398527297.1   75.26%    passed     45.26%
 399  WP_076971825.1   75.69%    passed     54.60%
 400  WP_432194931.1   75.75%    failed      0.80%
 401  WP_381462856.1   75.75%    failed      2.78%
 402  WP_328436763.1   75.82%    passed     45.28%
 403  MER5213926.1     75.82%    passed     15.09%
 404  MHX8997433.1     59.26%    failed      0.00%
 405  HHO53648.1       61.17%    failed      0.02%
 406  MCA9710370.1     62.09%    passed      6.88%
 407  HWF89104.1       60.62%    failed      1.82%
 408  HEU4766848.1     60.80%    failed      0.12%
 409  HEU4711115.1     60.80%    failed      0.03%
 410  WP_408669612.1   61.35%    passed     12.10%
 411  WP_084468136.1   62.83%    passed     56.12%
 412  WP_165949786.1   62.46%    passed      5.67%
 413  TDC60105.1       49.17%    failed      0.00%
 414  XWB32777.1       62.03%    passed      5.54%
 415  HVV20613.1       63.38%    passed     10.05%
 416  WP_189890807.1   59.88%    passed     10.65%
 417  WP_397823629.1   59.63%    failed      0.70%
 418  WP_384935259.1   58.09%    passed      8.97%
 419  WP_243379609.1   59.63%    passed     27.61%
 420  WP_401908521.1   56.37%    passed     10.43%
 421  WSZ97823.1       56.00%    passed     16.01%
 422  WP_357815810.1   62.40%    failed      1.69%
 423  WP_083886123.1   56.43%    failed      1.08%
 424  WP_396096602.1   61.05%    passed     75.81%
 425  WP_158632304.1   61.29%    passed     44.91%
 426  WP_089009179.1   61.17%    passed     40.95%
 427  WP_387020027.1   60.80%    passed     38.74%
 428  WP_412734799.1   61.23%    passed     46.94%
 429  WP_317795710.1   61.11%    passed      5.79%
 430  HEX4704538.1     61.23%    passed     40.41%
 431  HET8640714.1     64.12%    passed     43.91%
 432  WP_167477801.1   61.48%    failed      4.89%
 433  MHH6669848.1     59.94%    passed     19.40%
 434  HEY0639635.1     58.58%    failed      0.32%
 435  MBA2696829.1     60.74%    passed     25.39%
 436  MFC7614602.1     60.55%    passed     53.77%
 437  WP_455575445.1   61.60%    passed     33.38%
 438  WP_189212693.1   61.97%    passed     21.61%
 439  ADR01083.1       61.17%    passed     12.13%
 440  HIR6077977.1     61.17%    passed      5.29%
 441  WP_093941965.1   60.92%    passed     16.10%
 442  WP_007074884.1   63.51%    failed      0.56%
 443  WP_196468106.1   59.26%    failed      0.72%
 444  WP_356302449.1   60.18%    passed     40.45%
 445  WP_323448732.1   58.83%    failed      0.18%
 446  WP_359876281.1   58.77%    failed      0.00%
 447  WP_359187352.1   60.18%    passed     64.77%
 448  WP_240109680.1   60.18%    failed      0.12%
 449  WP_398115268.1   60.18%    failed      0.06%
 450  MBN0043330.1     60.25%    failed      0.00%
 451  WP_490882320.1   59.94%    failed      0.08%
 452  WP_394631306.1   67.63%    failed      1.07%
 453  WP_074475314.1   60.31%    failed      2.40%
 454  WP_281594375.1   60.31%    failed      4.26%
 455  WP_393140662.1   60.80%    passed     12.80%
 456  PYC80219.1       55.63%    failed      0.00%
 457  WP_146259077.1   60.68%    failed      0.00%
 458  WP_269857910.1   60.43%    passed     65.01%
 459  WP_329061014.1   60.68%    failed      2.66%
 460  HEU4965616.1     59.14%    failed      0.00%
 461  WP_026975251.1   59.45%    failed      1.95%
 462  WP_038086146.1   58.46%    failed      0.00%
 463  WP_373948353.1   60.18%    failed      0.00%
 464  WP_067927256.1   60.18%    failed      0.15%
 465  WP_144932641.1   60.12%    failed      0.00%
 466  WP_062493101.1   60.00%    failed      0.35%
 467  WP_108021762.1   60.06%    failed      0.00%
 468  WP_035299371.1   60.18%    failed      0.00%
 469  WP_304415071.1   60.43%    failed      0.00%
 470  WP_210022903.1   60.12%    failed      0.00%
 471  WP_188648508.1   60.12%    failed      0.00%
 472  WP_138788096.1   60.18%    failed      0.00%
 473  WP_019003927.1   60.18%    failed      0.00%
 474  WP_363638975.1   58.15%    failed      0.08%
 475  WP_381277433.1   58.58%    passed     30.80%
 476  WP_123201679.1   59.26%    passed     61.62%
 477  WP_017609019.1   59.94%    passed     44.62%
 478  WP_434451785.1   61.78%    passed     81.79%
 479  WP_398418155.1   59.51%    failed      1.31%
 480  WP_404011861.1   59.32%    failed      0.53%
 481  WP_329203034.1   57.97%    failed      0.01%
 482  WP_398032034.1   60.31%    passed     13.59%
 483  WP_388144318.1   60.00%    passed      8.11%
 484  WP_391931787.1   57.72%    failed      0.33%
 485  WP_261953992.1   58.34%    passed     24.09%
 486  WP_069569931.1   58.52%    failed      3.99%
 487  WP_375898128.1   58.22%    failed      1.39%
 488  WP_285501234.1   58.83%    failed      2.34%
 489  WP_467141382.1   58.65%    failed      1.78%
 490  WP_228332365.1   58.58%    passed     25.25%
 491  WP_004943471.1   60.18%    failed      0.00%
 492  WP_381561125.1   58.34%    failed      2.57%
 493  WP_361379990.1   57.54%    passed      5.70%
 494  WP_189218923.1   59.26%    passed     12.60%
 495  WP_366336666.1   59.75%    failed      4.20%
 496  WP_400112621.1   60.18%    failed      0.03%
 497  WP_380900739.1   60.18%    failed      1.50%
 498  WP_258790272.1   58.40%    failed      0.14%
 499  WP_405688135.1   60.25%    passed     30.55%
 500  WP_079101148.1   59.69%    passed      6.40%
 501  WP_356950215.1   60.31%    passed     72.77%
 502  WP_400652677.1   58.28%    failed      2.23%
 503  WP_344640433.1   60.18%    passed     43.31%
 504  WP_470330537.1   60.18%    passed     18.20%
 505  WP_366279781.1   62.09%    passed     26.81%
 506  WP_204008130.1   59.02%    passed     29.65%
 507  WP_203909222.1   59.57%    passed     97.62%
 508  MDN5929460.1     59.08%    failed      3.48%
 509  WP_386015359.1   59.26%    passed     16.68%
 510  WP_364053116.1   58.03%    failed      1.42%
 511  WP_358051032.1   60.55%    passed     32.06%
 512  WP_283133921.1   59.88%    passed     14.98%
 513  WP_277308120.1   60.12%    passed     96.70%
 514  WP_362419238.1   59.63%    failed      0.00%
 515  WP_380405274.1   58.77%    failed      0.00%
 516  WP_396540162.1   59.02%    failed      0.00%
 517  WP_403417801.1   60.62%    passed     72.51%
 518  WP_397137142.1   61.23%    passed     98.76%
 519  WP_191094328.1   61.35%    passed     61.07%
 520  WP_309114237.1   62.03%    passed     22.60%
 521  WP_142106445.1   59.32%    failed      0.16%
 522  WP_052230275.1   59.20%    passed     12.06%
 523  MGH3870248.1     58.89%    passed     72.92%
 524  XWG80554.1       58.71%    passed     39.22%
 525  MEO7196757.1     59.69%    passed     36.06%
 526  MBV9729877.1     58.65%    passed     76.09%
 527  WP_089317073.1   59.14%    passed     11.46%
 528  WP_129842990.1   59.57%    failed      0.00%
 529  WP_440105353.1   62.52%    failed      2.56%
 530  WP_362940100.1   59.38%    failed      0.31%
 531  WP_380844358.1   60.62%    failed      0.43%
 532  WP_354835809.1   55.94%    failed      0.00%
 533  WP_450048358.1   59.69%    failed      2.54%
 534  WP_347770227.1   59.82%    failed      3.14%
 535  WP_379515546.1   59.20%    failed      0.02%
 536  WP_358040142.1   59.20%    failed      1.57%
 537  WP_196205200.1   58.71%    failed      0.11%
 538  WP_331212756.1   57.78%    failed      0.02%
 539  WP_052889347.1   58.22%    failed      0.00%
 540  MGH8883992.1     60.06%    passed      5.17%
 541  MGH3825893.1     58.15%    passed     68.30%
 542  MGH3521274.1     58.83%    passed     16.00%
 543  MGH3801460.1     59.38%    passed     19.94%
 544  MGH3822736.1     58.09%    passed      7.05%
 545  MGH3874635.1     58.65%    passed     82.71%
 546  MGH3897441.1     57.85%    passed     13.67%
 547  HKR50628.1       58.40%    passed     39.55%
 548  WP_357044567.1   58.83%    passed      5.22%
 549  WP_345363899.1   59.08%    passed     56.17%
 550  WP_130475462.1   59.26%    failed      0.02%
 551  WP_190815576.1   58.77%    failed      1.02%
 552  WP_443202697.1   58.77%    failed      2.33%
 553  WP_165968255.1   59.14%    passed      5.09%
 554  TDD43801.1       54.15%    passed      9.97%
 555  WP_189205438.1   59.69%    passed     14.30%
 556  HWS38500.1       59.20%    failed      3.49%
 557  WP_403483679.1   59.20%    failed      1.55%
 558  HEV2377311.1     59.38%    passed     31.55%
 559  WP_396026483.1   59.63%    failed      1.48%
 560  MHG9218886.1     57.66%    passed     60.53%
 561  WP_365551023.1   57.66%    passed     64.57%
 562  WP_450709295.1   57.66%    passed     53.69%
 563  WP_256105416.1   57.78%    passed     44.90%
 564  WP_051813465.1   62.09%    passed      7.17%
 565  WP_052390109.1   62.03%    passed     16.93%
 566  WP_263107406.1   62.03%    passed     22.39%
 567  HEX4226014.1     63.32%    passed     46.38%
 568  WP_380490200.1   62.03%    passed     88.48%
 569  WP_145908793.1   62.03%    passed     85.25%
 570  WP_365840665.1   62.03%    passed     70.53%
 571  WP_051969235.1   62.03%    passed     88.87%
 572  WP_380641992.1   61.78%    passed     51.98%
 573  WP_380227767.1   61.05%    passed     93.49%
 574  WP_253796484.1   62.09%    passed     63.05%
 575  WP_403652251.1   61.97%    passed     33.66%
 576  WP_450923017.1   61.97%    passed     86.02%
 577  WP_403053446.1   62.03%    passed     33.39%
 578  WP_478568710.1   62.03%    passed     20.05%
 579  WP_380610214.1   62.09%    passed     68.02%
 580  WP_052070458.1   62.03%    passed     54.95%
 581  WP_481045874.1   62.03%    passed     67.10%
 582  WP_090933850.1   61.97%    passed     61.59%
 583  MHO6846329.1     62.15%    failed      0.03%
 584  WP_329569210.1   60.43%    passed     43.51%
 585  WP_184946729.1   58.83%    failed      3.85%
 586  OLE22573.1       58.89%    passed     10.06%
 587  WP_474413541.1   60.06%    passed      8.17%
 588  OLB64226.1       60.06%    passed     51.54%
 589  WP_170218004.1   60.92%    failed      0.69%
 590  WP_384542275.1   57.05%    passed     14.04%
 591  WP_402000196.1   58.09%    passed     25.53%
 592  WP_031154255.1   58.22%    passed     79.70%
 593  WP_329462007.1   58.28%    passed     86.82%
 594  WP_393615158.1   58.22%    passed     34.14%
 595  WP_371679613.1   57.78%    passed     35.33%
 596  WP_354883117.1   57.42%    passed     64.15%
 597  WP_469777286.1   58.34%    failed      0.33%
 598  WP_269662272.1   59.08%    passed     74.99%
 599  WP_399724375.1   58.28%    passed     53.14%
 600  WP_328874457.1   57.29%    passed     42.50%
 601  WP_186281904.1   59.08%    passed     50.70%
 602  WP_140425474.1   63.45%    failed      0.07%
 603  WP_336650328.1   60.98%    failed      0.00%
 604  WP_140458199.1   60.92%    passed     54.78%
 605  WP_407319150.1   60.74%    passed     11.09%
 606  WP_157320812.1   60.92%    passed      8.73%
 607  WP_410171078.1   60.92%    failed      0.29%
 608  HET7015137.1     58.46%    passed     22.64%
 609  WP_389374453.1   59.26%    passed     98.75%
 610  WP_478997148.1   56.43%    passed     61.53%
 611  MHS3294971.1     60.12%    passed     51.41%
 612  WP_311706130.1   60.31%    failed      0.63%
 613  WP_364367152.1   60.00%    passed     44.78%
 614  WP_446800678.1   60.18%    passed     49.96%
 615  WP_188194652.1   61.35%    passed     73.60%
 616  WP_397317598.1   59.94%    passed     61.66%
 617  WP_181614153.1   60.62%    passed     82.75%
 618  WP_358544567.1   60.31%    passed     77.86%
 619  WP_164903975.1   62.22%    passed     58.67%
 620  WP_397013041.1   60.62%    passed     81.48%
 621  WP_364854523.1   60.92%    passed     80.78%
 622  WP_347642375.1   60.31%    passed     28.96%
 623  WP_017623389.1   59.08%    passed     25.73%
 624  WP_382693196.1   57.78%    passed     14.63%
 625  WP_336216079.1   60.31%    passed     77.10%
 626  WP_375132157.1   60.31%    passed     12.29%
 627  WP_421358160.1   61.17%    passed     86.29%
 628  XWH75105.1       61.66%    passed     56.19%
 629  WP_123200203.1   59.94%    passed     32.44%
 630  WP_145817293.1   57.60%    passed     25.25%
 631  WP_433125506.1   58.40%    passed     29.16%
 632  WP_028193594.1   58.34%    passed     45.10%
 633  WP_083939581.1   60.00%    passed     38.07%
 634  WP_270686817.1   59.82%    passed      9.40%
 635  WP_184582606.1   59.32%    passed     43.96%
 636  WP_311546074.1   59.38%    passed     12.98%
 637  CAR3699588.1     59.57%    passed     45.13%
 638  WP_017607924.1   59.51%    passed     19.31%
 639  WP_237105964.1   60.37%    failed      0.24%
 640  WP_328389533.1   60.00%    passed     93.21%
 641  WP_414505302.1   60.00%    passed     98.34%
 642  WP_365677734.1   60.31%    passed     15.05%
 643  WP_376556975.1   60.49%    passed     32.29%
 644  WP_138048768.1   59.88%    passed     99.29%
 645  WP_344645497.1   59.88%    passed     54.34%
 646  WP_361324805.1   59.88%    passed     49.59%
 647  WP_067999472.1   60.68%    passed     21.68%
 648  WP_452501910.1   60.12%    passed     82.73%
 649  MGE5830604.1     64.31%    passed     71.41%
 650  WP_446800749.1   61.97%    passed     57.80%
 651  WP_025357081.1   59.45%    passed     99.40%
 652  WP_211763359.1   59.32%    passed     99.05%
 653  WP_043718784.1   59.38%    passed     97.78%
 654  WP_184858899.1   59.38%    passed     99.03%
 655  WP_116178938.1   59.38%    passed     90.79%
 656  WP_236539658.1   59.08%    passed     46.82%
 657  WP_311547446.1   58.71%    passed     19.89%
 658  WP_362706354.1   59.02%    passed     88.29%
 659  WP_388902843.1   59.69%    passed     45.27%
 660  TMM35077.1       59.45%    passed     88.89%
 661  CAQ6006330.1     59.08%    passed     19.19%
 662  WP_228645609.1   60.12%    passed      6.65%
 663  WP_177227583.1   60.62%    passed     17.42%
 664  PZS34538.1       58.03%    passed     80.32%
 665  MGC7102901.1     62.15%    passed     87.14%
 666  XVY91030.1       59.51%    passed     65.07%
 667  WP_358543978.1   58.58%    passed     54.88%
 668  WP_327557411.1   64.25%    passed     24.05%
 669  OLE27788.1       59.69%    passed     21.56%
 670  WP_242888302.1   60.92%    failed      4.12%
 671  WP_329518678.1   60.06%    passed     38.37%
 672  WP_026413552.1   59.94%    passed     34.62%
 673  WP_346261530.1   62.40%    passed     19.85%
 674  WP_141721534.1   59.75%    passed     75.12%
 675  WP_357869297.1   59.69%    passed     41.39%
 676  WP_120689000.1   59.63%    passed     14.17%
 677  WP_363786472.1   59.63%    passed     18.65%
 678  WP_121392239.1   59.94%    passed     35.88%
 679  WP_357929857.1   60.92%    failed      0.06%
 680  WP_432994335.1   60.18%    passed     21.43%
 681  WP_362810799.1   56.49%    failed      1.29%
 682  WP_173132710.1   60.86%    passed     70.79%
 683  WP_165977800.1   59.02%    passed     87.13%
 684  WP_254236436.1   61.17%    passed     60.46%
 685  MBO3752458.1     59.38%    passed     89.93%
 686  WP_395912247.1   60.31%    passed     66.48%
 687  MHH9207835.1     58.52%    passed     23.89%
 688  WP_015102789.1   62.77%    passed      6.27%
 689  XWF66147.1       61.97%    passed     37.13%
 690  WP_391938389.1   61.97%    passed     10.27%
 691  WP_194961074.1   62.09%    passed     19.89%
 692  WP_379433372.1   60.68%    passed     81.50%
 693  XWA59773.1       60.68%    passed     67.16%
 694  WP_452467203.1   60.74%    passed      5.49%
 695  WP_160087553.1   61.42%    passed     17.28%
 696  AZZ50694.1       54.83%    failed      0.00%
 697  WP_132436061.1   61.42%    passed     17.65%
 698  WP_384874324.1   61.23%    passed     75.37%
 699  WP_406152658.1   60.43%    passed     44.63%
 700  WP_067299373.1   60.43%    passed     66.73%
 701  WP_365258787.1   61.29%    passed     35.00%
 702  WP_124444214.1   61.23%    passed     55.54%
 703  WP_149666216.1   61.23%    passed     97.07%
 704  WP_451440131.1   61.23%    passed     87.95%
 705  WP_337820802.1   59.88%    passed     44.05%
 706  MEV6226587.1     59.88%    passed     96.43%
 707  WP_204011173.1   60.43%    passed     56.33%
 708  WP_266040215.1   64.98%    passed     59.82%
 709  PZG20511.1       54.22%    failed      0.00%
 710  WP_195894518.1   60.06%    passed      7.82%
 711  WP_091101755.1   61.29%    failed      1.07%
 712  WP_176728371.1   62.65%    passed     37.29%
 713  WP_206207103.1   59.57%    failed      3.42%
 714  WP_397066022.1   64.12%    passed     53.34%
 715  WP_393202637.1   62.09%    passed     15.63%
 716  WP_185070610.1   62.46%    passed     31.63%
 717  XWB55654.1       61.17%    passed     60.79%
 718  WP_360581789.1   57.72%    passed     40.45%
 719  XWJ21448.1       66.09%    failed      0.10%
 720  MGH4023800.1     61.17%    passed     89.16%
 721  MDQ3274143.1     59.45%    passed      8.53%
 722  WP_266040282.1   64.80%    passed      8.38%
 723  WP_189242799.1   64.43%    passed     81.76%
 724  PZG20522.1       62.40%    passed     55.85%
 725  WP_195893148.1   65.54%    passed     94.99%
 726  WP_091101773.1   64.43%    passed     91.65%
 727  GLZ31005.1       66.95%    passed     55.26%
 728  MHH6667302.1     58.34%    passed     88.06%
 729  WP_184670796.1   62.77%    failed      0.63%
 730  MGH4024836.1     60.00%    passed     78.43%
 731  XWJ21457.1       62.77%    passed     19.35%
 732  XWG33484.1       64.74%    passed     82.25%
WARNING: 731 sequences contain more than 50% gaps/ambiguity
****  TOTAL            68.92%  152 sequences failed composition chi2 test (p-value<5%; df=19)


Create initial parsimony tree by phylogenetic likelihood library (PLL)... 1.026 seconds
Measuring multi-threading efficiency up to 16 CPU cores
7 trees examined
Threads: 1 / Time: 16.329 sec / Speedup: 1.000 / Efficiency: 100% / LogL: -754096
Threads: 2 / Time: 11.205 sec / Speedup: 1.457 / Efficiency: 73% / LogL: -754096
Threads: 3 / Time: 6.814 sec / Speedup: 2.396 / Efficiency: 80% / LogL: -754096
Threads: 4 / Time: 6.167 sec / Speedup: 2.648 / Efficiency: 66% / LogL: -754096
Threads: 5 / Time: 5.393 sec / Speedup: 3.028 / Efficiency: 61% / LogL: -754096
Threads: 6 / Time: 5.745 sec / Speedup: 2.842 / Efficiency: 47% / LogL: -754096
BEST NUMBER OF THREADS: 5

Perform fast likelihood tree search using LG+I+G model...
Estimate model parameters (epsilon = 5.000)
Perform nearest neighbor interchange...
Estimate model parameters (epsilon = 1.000)
1. Initial log-likelihood: -417246.101
2. Current log-likelihood: -417238.592
Optimal log-likelihood: -417237.621
Proportion of invariable sites: 0.003
Gamma shape alpha: 1.041
Parameters optimization took 2 rounds (5.985 sec)
Time for fast ML tree search: 34.990 seconds

NOTE: ModelFinder requires 1838 MB RAM!
ModelFinder will test up to 546 protein models (sample size: 1625) ...
 No. Model         -LnL         df  AIC          AICc         BIC
  1  LG            435910.630   1461 874743.260   900951.628   882622.818
  2  LG+I          435528.512   1462 873981.023   900387.270   881865.974
  3  LG+G4         417293.962   1462 837511.925   863918.171   845396.875
  4  LG+I+G4       417237.607   1463 837401.214   864007.823   845291.558
  5  LG+R2         421877.907   1463 846681.814   873288.423   854572.158
  6  LG+R3         418643.339   1465 840216.678   867231.647   848117.809
  7  LG+R4         416904.160   1467 836742.321   864176.155   844654.238
  8  LG+R5         416220.662   1469 835379.325   863242.937   843302.028
  9  LG+R6         415905.466   1471 834752.931   863057.663   842686.421
 10  LG+R7         415718.552   1473 834383.104   863140.746   842327.380
 11  LG+R8         415532.207   1475 834014.414   863237.233   841969.477
 12  LG+R9         415461.173   1477 833876.346   863577.108   841842.196
 13  LG+R10        415439.698   1479 833837.395   864029.395   841814.031
 26  LG+F+R10      402290.981   1498 807577.963   843220.852   815657.071
 39  WAG+R10       412296.217   1479 827550.435   857742.435   835527.071
 52  WAG+F+R10     401718.028   1498 806432.056   842074.944   814511.164
 65  JTT+R10       412129.100   1479 827216.199   857408.199   835192.835
 78  JTT+F+R10     403352.205   1498 809700.410   845343.298   817779.518
 91  JTTDCMut+R10  412398.771   1479 827755.543   857947.543   835732.179
104  JTTDCMut+F+R10 403399.598   1498 809795.197   845438.086   817874.305
117  DCMut+R10     417819.897   1479 838597.795   868789.795   846574.431
130  DCMut+F+R10   407607.073   1498 818210.145   853853.034   826289.253
143  VT+R10        413056.666   1479 829071.333   859263.333   837047.969
156  VT+F+R10      402356.819   1498 807709.638   843352.527   815788.746
169  PMB+R10       416307.926   1479 835573.851   865765.851   843550.487
182  PMB+F+R10     405693.585   1498 814383.169   850026.058   822462.278
195  Blosum62+R10  418107.014   1479 839172.029   869364.029   847148.665
208  Blosum62+F+R10 405501.666   1498 813999.332   849642.221   822078.440
221  Dayhoff+R10   417814.710   1479 838587.420   868779.420   846564.056
234  Dayhoff+F+R10 407595.774   1498 818187.548   853830.437   826266.656
247  mtREV+R10     445082.029   1479 893122.058   923314.058   901098.694
260  mtREV+F+R10   412762.225   1498 828520.450   864163.339   836599.558
273  mtART+R10     469484.237   1479 941926.475   972118.475   949903.111
286  mtART+F+R10   433263.355   1498 869522.710   905165.599   877601.818
299  mtZOA+R10     445114.168   1479 893186.337   923378.337   901162.973
312  mtZOA+F+R10   419326.040   1498 841648.080   877290.969   849727.188
325  mtMet+R10     452448.102   1479 907854.204   938046.204   915830.840
338  mtMet+F+R10   414095.075   1498 831186.150   866829.039   839265.258
351  mtVer+R10     448237.052   1479 899432.105   929624.105   907408.741
364  mtVer+F+R10   416734.852   1498 836465.704   872108.593   844544.812
377  mtInv+R10     457407.491   1479 917772.983   947964.983   925749.619
390  mtInv+F+R10   410962.114   1498 824920.227   860563.116   832999.335
403  mtMAM+R10     458899.136   1479 920756.273   950948.273   928732.909
416  mtMAM+F+R10   425005.295   1498 853006.590   888649.479   861085.698
429  HIVb+R10      426298.764   1479 855555.529   885747.529   863532.165
442  HIVb+F+R10    413502.159   1498 830000.317   865643.206   838079.425
455  HIVw+R10      449293.438   1479 901544.877   931736.877   909521.513
468  HIVw+F+R10    425953.402   1498 854902.804   890545.693   862981.912
481  FLU+R10       430760.032   1479 864478.064   894670.064   872454.700
494  FLU+F+R10     409307.746   1498 821611.492   857254.381   829690.601
507  rtREV+R10     421698.836   1479 846355.672   876547.672   854332.308
520  rtREV+F+R10   405648.897   1498 814293.793   849936.682   822372.901
533  cpREV+R10     419681.183   1479 842320.365   872512.365   850297.001
546  cpREV+F+R10   404242.266   1498 811480.533   847123.421   819559.641
Akaike Information Criterion:           WAG+F+R10
Corrected Akaike Information Criterion: WAG+F+R10
Bayesian Information Criterion:         WAG+F+R10
Best-fit model: WAG+F+R10 chosen according to BIC

All model information printed to 03_Results/MSA_Ycao_juntas_curadas_Clipkit.fasta.model.gz
CPU time for ModelFinder: 117413.361 seconds (32h:36m:53s)
Wall-clock time for ModelFinder: 26047.599 seconds (7h:14m:7s)
Generating 1000 samples for ultrafast bootstrap (seed: 932711)...

NOTE: 1838 MB RAM (1 GB) is required!
Estimate model parameters (epsilon = 0.100)
1. Initial log-likelihood: -401718.028
Optimal log-likelihood: -401717.892
Site proportion and rates:  (0.017,0.021) (0.028,0.085) (0.043,0.181) (0.071,0.281) (0.102,0.415) (0.095,0.578) (0.125,0.737) (0.103,0.949) (0.211,1.275) (0.205,2.021)
Parameters optimization took 1 rounds (18.942 sec)
Computing ML distances based on estimated model parameters... 118.038 sec
Computing BIONJ tree...
0.556 seconds
Log-likelihood of BIONJ tree: -405455.155
--------------------------------------------------------------------
|             INITIALIZING CANDIDATE TREE SET                      |
--------------------------------------------------------------------
Generating 98 parsimony trees... 103.058 second
Computing log-likelihood of 98 initial trees ... 163.831 seconds
Current best score: -401717.892

Do NNI search on 20 best initial trees
Estimate model parameters (epsilon = 0.100)
BETTER TREE FOUND at iteration 1: -401619.504
Estimate model parameters (epsilon = 0.100)
BETTER TREE FOUND at iteration 4: -401529.316
Iteration 10 / LogL: -401565.174 / Time: 0h:15m:48s
Estimate model parameters (epsilon = 0.100)
BETTER TREE FOUND at iteration 15: -401479.228
Iteration 20 / LogL: -401554.806 / Time: 0h:24m:21s
Finish initializing candidate tree set (20)
Current best tree score: -401479.228 / CPU time: 1380.781
Number of iterations: 20
--------------------------------------------------------------------
|               OPTIMIZING CANDIDATE TREE SET                      |
--------------------------------------------------------------------
Estimate model parameters (epsilon = 0.100)
BETTER TREE FOUND at iteration 23: -401351.644
Iteration 30 / LogL: -401402.872 / Time: 0h:30m:46s (1h:38m:40s left)
Estimate model parameters (epsilon = 0.100)
BETTER TREE FOUND at iteration 32: -401297.205
Iteration 40 / LogL: -401304.921 / Time: 0h:38m:4s (1h:29m:50s left)
Estimate model parameters (epsilon = 0.100)
BETTER TREE FOUND at iteration 43: -401295.756
Estimate model parameters (epsilon = 0.100)
BETTER TREE FOUND at iteration 48: -401293.273
Iteration 50 / LogL: -401365.815 / Time: 0h:45m:29s (1h:30m:58s left)
Log-likelihood cutoff on original alignment: -401598.993
Estimate model parameters (epsilon = 0.100)
BETTER TREE FOUND at iteration 53: -401280.266
Estimate model parameters (epsilon = 0.100)
BETTER TREE FOUND at iteration 55: -401274.587
Iteration 60 / LogL: -401302.740 / Time: 0h:53m:53s (1h:26m:47s left)
Estimate model parameters (epsilon = 0.100)
BETTER TREE FOUND at iteration 69: -401267.351
Iteration 70 / LogL: -401330.065 / Time: 1h:0m:16s (1h:26m:29s left)
Iteration 80 / LogL: -401309.441 / Time: 1h:5m:56s (1h:14m:17s left)
Iteration 90 / LogL: -401321.994 / Time: 1h:11m:32s (1h:3m:30s left)
Estimate model parameters (epsilon = 0.100)
BETTER TREE FOUND at iteration 97: -401265.656
Iteration 100 / LogL: -401279.200 / Time: 1h:18m:0s (1h:16m:26s left)
Log-likelihood cutoff on original alignment: -401583.984
NOTE: Bootstrap correlation coefficient of split occurrence frequencies: 0.975
NOTE: UFBoot does not converge, continue at least 100 more iterations
Iteration 110 / LogL: -401304.360 / Time: 1h:24m:3s (1h:9m:23s left)
Iteration 120 / LogL: -401301.456 / Time: 1h:29m:55s (1h:0m:27s left)
Iteration 130 / LogL: -401366.212 / Time: 1h:36m:3s (0h:52m:7s left)
Iteration 140 / LogL: -401371.207 / Time: 1h:42m:5s (0h:44m:3s left)
Iteration 150 / LogL: -401299.424 / Time: 1h:47m:55s (0h:36m:12s left)
Log-likelihood cutoff on original alignment: -401583.984
Iteration 160 / LogL: -401368.226 / Time: 1h:53m:28s (0h:28m:32s left)
Iteration 170 / LogL: -401319.976 / Time: 1h:59m:19s (0h:21m:10s left)
Iteration 180 / LogL: -401631.063 / Time: 2h:5m:8s (0h:13m:58s left)
Estimate model parameters (epsilon = 0.100)
BETTER TREE FOUND at iteration 181: -401260.998
Iteration 190 / LogL: -401726.647 / Time: 2h:11m:24s (1h:3m:16s left)
Estimate model parameters (epsilon = 0.100)
BETTER TREE FOUND at iteration 195: -401259.248
Iteration 200 / LogL: -401311.171 / Time: 2h:17m:50s (1h:5m:48s left)
Log-likelihood cutoff on original alignment: -401423.747
NOTE: Bootstrap correlation coefficient of split occurrence frequencies: 0.990
Estimate model parameters (epsilon = 0.100)
BETTER TREE FOUND at iteration 204: -401251.134
Iteration 210 / LogL: -401284.075 / Time: 2h:24m:36s (1h:5m:2s left)
Iteration 220 / LogL: -401315.679 / Time: 2h:30m:28s (0h:57m:43s left)
Iteration 230 / LogL: -401416.726 / Time: 2h:36m:14s (0h:50m:29s left)
Iteration 240 / LogL: -401334.776 / Time: 2h:42m:0s (0h:43m:22s left)
Iteration 250 / LogL: -401277.087 / Time: 2h:47m:47s (0h:36m:23s left)
Log-likelihood cutoff on original alignment: -401423.747
Iteration 260 / LogL: -401916.638 / Time: 2h:53m:29s (0h:29m:28s left)
Iteration 270 / LogL: -401326.723 / Time: 2h:59m:19s (0h:22m:39s left)
Iteration 280 / LogL: -401374.460 / Time: 3h:4m:58s (0h:15m:54s left)
Iteration 290 / LogL: -401294.448 / Time: 3h:10m:39s (0h:9m:14s left)
Estimate model parameters (epsilon = 0.100)
BETTER TREE FOUND at iteration 296: -401249.720
Iteration 300 / LogL: -401267.662 / Time: 3h:16m:51s (1h:3m:12s left)
Log-likelihood cutoff on original alignment: -401423.747
NOTE: Bootstrap correlation coefficient of split occurrence frequencies: 0.993
Iteration 310 / LogL: -401250.363 / Time: 3h:22m:20s (0h:58m:56s left)
Estimate model parameters (epsilon = 0.100)
BETTER TREE FOUND at iteration 320: -401242.437
Iteration 320 / LogL: -401242.437 / Time: 3h:28m:42s (1h:5m:25s left)
Iteration 330 / LogL: -401276.177 / Time: 3h:34m:25s (0h:58m:39s left)
Iteration 340 / LogL: -401294.726 / Time: 3h:39m:53s (0h:51m:53s left)
Iteration 350 / LogL: -401262.220 / Time: 3h:45m:27s (0h:45m:13s left)
Log-likelihood cutoff on original alignment: -401423.747
Iteration 360 / LogL: -401289.364 / Time: 3h:50m:51s (0h:38m:34s left)
Iteration 370 / LogL: -401258.134 / Time: 3h:56m:20s (0h:32m:1s left)
Iteration 380 / LogL: -401262.819 / Time: 4h:2m:4s (0h:25m:32s left)
Iteration 390 / LogL: -401261.880 / Time: 4h:7m:52s (0h:19m:6s left)
Iteration 400 / LogL: -401300.616 / Time: 4h:13m:30s (0h:12m:42s left)
Log-likelihood cutoff on original alignment: -401423.747
NOTE: Bootstrap correlation coefficient of split occurrence frequencies: 0.984
NOTE: UFBoot does not converge, continue at least 100 more iterations
Iteration 410 / LogL: -401305.953 / Time: 4h:19m:2s (0h:57m:0s left)
Estimate model parameters (epsilon = 0.100)
BETTER TREE FOUND at iteration 419: -401239.402
Iteration 420 / LogL: -401255.692 / Time: 4h:25m:22s (1h:2m:42s left)
Iteration 430 / LogL: -401276.740 / Time: 4h:31m:5s (0h:56m:14s left)
Iteration 440 / LogL: -401295.183 / Time: 4h:36m:29s (0h:49m:45s left)
Iteration 450 / LogL: -401300.098 / Time: 4h:41m:54s (0h:43m:19s left)
Log-likelihood cutoff on original alignment: -401390.574
Iteration 460 / LogL: -401260.790 / Time: 4h:47m:31s (0h:36m:57s left)
Iteration 470 / LogL: -401302.786 / Time: 4h:53m:11s (0h:30m:37s left)
Iteration 480 / LogL: -401259.605 / Time: 4h:58m:45s (0h:24m:19s left)
Iteration 490 / LogL: -401246.674 / Time: 5h:4m:31s (0h:18m:3s left)
Iteration 500 / LogL: -401260.109 / Time: 5h:9m:56s (0h:11m:48s left)
Log-likelihood cutoff on original alignment: -401390.574
NOTE: Bootstrap correlation coefficient of split occurrence frequencies: 0.985
NOTE: UFBoot does not converge, continue at least 100 more iterations
Estimate model parameters (epsilon = 0.100)
BETTER TREE FOUND at iteration 507: -401234.092
Iteration 510 / LogL: -401272.755 / Time: 5h:16m:16s (1h:0m:16s left)
Iteration 520 / LogL: -401371.334 / Time: 5h:21m:50s (0h:53m:56s left)
Estimate model parameters (epsilon = 0.100)
BETTER TREE FOUND at iteration 524: -401232.584
Iteration 530 / LogL: -401308.045 / Time: 5h:28m:5s (0h:58m:17s left)
Iteration 540 / LogL: -401247.542 / Time: 5h:33m:41s (0h:52m:0s left)
Iteration 550 / LogL: -401262.029 / Time: 5h:39m:6s (0h:45m:42s left)
Log-likelihood cutoff on original alignment: -401390.574
Iteration 560 / LogL: -401287.290 / Time: 5h:44m:53s (0h:39m:29s left)
Iteration 570 / LogL: -401289.229 / Time: 5h:50m:42s (0h:33m:16s left)
Iteration 580 / LogL: -401270.869 / Time: 5h:56m:4s (0h:27m:3s left)
Iteration 590 / LogL: -401262.063 / Time: 6h:1m:37s (0h:20m:52s left)
Iteration 600 / LogL: -401250.770 / Time: 6h:7m:4s (0h:14m:42s left)
Log-likelihood cutoff on original alignment: -401390.574
NOTE: Bootstrap correlation coefficient of split occurrence frequencies: 0.981
NOTE: UFBoot does not converge, continue at least 100 more iterations
Iteration 610 / LogL: -401238.420 / Time: 6h:12m:34s (0h:55m:3s left)
Iteration 620 / LogL: -401342.502 / Time: 6h:18m:9s (0h:48m:52s left)
Iteration 630 / LogL: -401237.820 / Time: 6h:23m:41s (0h:42m:42s left)
Iteration 640 / LogL: -401266.424 / Time: 6h:29m:25s (0h:36m:33s left)
Iteration 650 / LogL: -401286.886 / Time: 6h:34m:48s (0h:30m:24s left)
Log-likelihood cutoff on original alignment: -401390.574
Estimate model parameters (epsilon = 0.100)
BETTER TREE FOUND at iteration 653: -401231.664
Iteration 660 / LogL: -401257.515 / Time: 6h:41m:12s (0h:56m:37s left)
Iteration 670 / LogL: -401287.172 / Time: 6h:46m:50s (0h:50m:28s left)
Iteration 680 / LogL: -401264.523 / Time: 6h:52m:25s (0h:44m:20s left)
Estimate model parameters (epsilon = 0.100)
BETTER TREE FOUND at iteration 684: -401230.551
Iteration 690 / LogL: -401269.065 / Time: 6h:58m:39s (0h:57m:7s left)
Iteration 700 / LogL: -401245.360 / Time: 7h:4m:28s (0h:51m:0s left)
Log-likelihood cutoff on original alignment: -401390.574
NOTE: Bootstrap correlation coefficient of split occurrence frequencies: 0.985
NOTE: UFBoot does not converge, continue at least 100 more iterations
Iteration 710 / LogL: -401269.153 / Time: 7h:10m:13s (0h:54m:36s left)
Estimate model parameters (epsilon = 0.100)
BETTER TREE FOUND at iteration 714: -401227.072
Iteration 720 / LogL: -401274.248 / Time: 7h:16m:48s (0h:57m:6s left)
Iteration 730 / LogL: -401245.978 / Time: 7h:22m:31s (0h:50m:59s left)
Iteration 740 / LogL: -401287.090 / Time: 7h:28m:1s (0h:44m:51s left)
Iteration 750 / LogL: -401266.888 / Time: 7h:33m:53s (0h:38m:47s left)
Log-likelihood cutoff on original alignment: -401390.574
Iteration 760 / LogL: -401255.710 / Time: 7h:39m:55s (0h:32m:43s left)
Iteration 770 / LogL: -401265.490 / Time: 7h:45m:32s (0h:26m:38s left)
Iteration 780 / LogL: -401256.015 / Time: 7h:51m:22s (0h:20m:34s left)
Iteration 790 / LogL: -401273.980 / Time: 7h:57m:3s (0h:14m:30s left)
Iteration 800 / LogL: -401233.554 / Time: 8h:2m:41s (0h:8m:27s left)
Log-likelihood cutoff on original alignment: -401390.574
NOTE: Bootstrap correlation coefficient of split occurrence frequencies: 0.988
NOTE: UFBoot does not converge, continue at least 100 more iterations
Iteration 810 / LogL: -401300.790 / Time: 8h:8m:25s (0h:54m:20s left)
Iteration 820 / LogL: -401248.151 / Time: 8h:14m:0s (0h:48m:15s left)
Iteration 830 / LogL: -401303.806 / Time: 8h:19m:37s (0h:42m:11s left)
Iteration 840 / LogL: -401258.531 / Time: 8h:25m:16s (0h:36m:8s left)
Estimate model parameters (epsilon = 0.100)
BETTER TREE FOUND at iteration 841: -401218.280
Iteration 850 / LogL: -401251.031 / Time: 8h:31m:34s (0h:54m:49s left)
Log-likelihood cutoff on original alignment: -401390.574
Iteration 860 / LogL: -401244.885 / Time: 8h:37m:15s (0h:48m:46s left)
Iteration 870 / LogL: -401255.272 / Time: 8h:42m:57s (0h:42m:43s left)
Iteration 880 / LogL: -401240.051 / Time: 8h:48m:54s (0h:36m:42s left)
Iteration 890 / LogL: -401266.355 / Time: 8h:54m:42s (0h:30m:40s left)
Iteration 900 / LogL: -401229.411 / Time: 9h:0m:19s (0h:24m:38s left)
Log-likelihood cutoff on original alignment: -401390.574
NOTE: Bootstrap correlation coefficient of split occurrence frequencies: 0.989
NOTE: UFBoot does not converge, continue at least 100 more iterations
Iteration 910 / LogL: -401247.075 / Time: 9h:6m:1s (0h:54m:3s left)
Iteration 920 / LogL: -401275.165 / Time: 9h:11m:31s (0h:48m:0s left)
Iteration 930 / LogL: -401265.083 / Time: 9h:17m:8s (0h:41m:58s left)
Iteration 940 / LogL: -401230.739 / Time: 9h:22m:48s (0h:35m:57s left)
Iteration 950 / LogL: -401278.452 / Time: 9h:28m:27s (0h:29m:57s left)
Log-likelihood cutoff on original alignment: -401390.574
Iteration 960 / LogL: -401243.418 / Time: 9h:34m:7s (0h:23m:56s left)
Iteration 970 / LogL: -401232.164 / Time: 9h:39m:39s (0h:17m:56s left)
Iteration 980 / LogL: -401237.672 / Time: 9h:45m:6s (0h:11m:57s left)
Iteration 990 / LogL: -401308.802 / Time: 9h:50m:36s (0h:5m:58s left)
Iteration 1000 / LogL: -401300.665 / Time: 9h:56m:18s (0h:0m:0s left)
Log-likelihood cutoff on original alignment: -401390.574
NOTE: Bootstrap correlation coefficient of split occurrence frequencies: 0.989
NOTE: UFBoot does not converge, continue at least 100 more iterations
WARNING: bootstrap analysis did not converge. You should rerun with higher number of iterations (-nm option)
TREE SEARCH COMPLETED AFTER 1001 ITERATIONS / Time: 9h:56m:57s

--------------------------------------------------------------------
|                    FINALIZING TREE SEARCH                        |
--------------------------------------------------------------------
Performs final model parameters optimization
Estimate model parameters (epsilon = 0.010)
1. Initial log-likelihood: -401218.280
2. Current log-likelihood: -401218.186
3. Current log-likelihood: -401218.075
4. Current log-likelihood: -401217.970
5. Current log-likelihood: -401217.855
6. Current log-likelihood: -401217.751
7. Current log-likelihood: -401217.683
8. Current log-likelihood: -401217.600
9. Current log-likelihood: -401217.496
10. Current log-likelihood: -401217.384
11. Current log-likelihood: -401217.285
12. Current log-likelihood: -401217.218
13. Current log-likelihood: -401217.130
14. Current log-likelihood: -401217.013
15. Current log-likelihood: -401216.917
16. Current log-likelihood: -401216.839
17. Current log-likelihood: -401216.771
18. Current log-likelihood: -401216.707
19. Current log-likelihood: -401216.644
20. Current log-likelihood: -401216.583
21. Current log-likelihood: -401216.522
22. Current log-likelihood: -401216.461
23. Current log-likelihood: -401216.400
24. Current log-likelihood: -401216.328
25. Current log-likelihood: -401216.255
26. Current log-likelihood: -401216.189
27. Current log-likelihood: -401216.119
28. Current log-likelihood: -401216.054
29. Current log-likelihood: -401215.991
30. Current log-likelihood: -401215.914
31. Current log-likelihood: -401215.820
32. Current log-likelihood: -401215.724
33. Current log-likelihood: -401215.661
34. Current log-likelihood: -401215.600
35. Current log-likelihood: -401215.540
36. Current log-likelihood: -401215.480
37. Current log-likelihood: -401215.421
38. Current log-likelihood: -401215.362
39. Current log-likelihood: -401215.295
40. Current log-likelihood: -401215.223
41. Current log-likelihood: -401215.159
42. Current log-likelihood: -401215.099
43. Current log-likelihood: -401215.033
44. Current log-likelihood: -401214.971
45. Current log-likelihood: -401214.911
46. Current log-likelihood: -401214.853
47. Current log-likelihood: -401214.795
48. Current log-likelihood: -401214.731
49. Current log-likelihood: -401214.661
50. Current log-likelihood: -401214.599
51. Current log-likelihood: -401214.540
52. Current log-likelihood: -401214.476
53. Current log-likelihood: -401214.418
54. Current log-likelihood: -401214.362
55. Current log-likelihood: -401214.306
56. Current log-likelihood: -401214.251
57. Current log-likelihood: -401214.185
58. Current log-likelihood: -401214.119
59. Current log-likelihood: -401214.059
60. Current log-likelihood: -401214.002
61. Current log-likelihood: -401213.947
62. Current log-likelihood: -401213.892
63. Current log-likelihood: -401213.838
64. Current log-likelihood: -401213.784
65. Current log-likelihood: -401213.731
66. Current log-likelihood: -401213.679
67. Current log-likelihood: -401213.616
68. Current log-likelihood: -401213.560
69. Current log-likelihood: -401213.505
70. Current log-likelihood: -401213.452
71. Current log-likelihood: -401213.399
72. Current log-likelihood: -401213.346
73. Current log-likelihood: -401213.294
74. Current log-likelihood: -401213.242
75. Current log-likelihood: -401213.190
76. Current log-likelihood: -401213.139
77. Current log-likelihood: -401213.087
78. Current log-likelihood: -401213.025
79. Current log-likelihood: -401212.970
80. Current log-likelihood: -401212.916
81. Current log-likelihood: -401212.863
82. Current log-likelihood: -401212.811
83. Current log-likelihood: -401212.760
84. Current log-likelihood: -401212.708
85. Current log-likelihood: -401212.657
86. Current log-likelihood: -401212.606
87. Current log-likelihood: -401212.556
88. Current log-likelihood: -401212.505
89. Current log-likelihood: -401212.455
90. Current log-likelihood: -401212.405
91. Current log-likelihood: -401212.355
92. Current log-likelihood: -401212.305
93. Current log-likelihood: -401212.256
94. Current log-likelihood: -401212.206
95. Current log-likelihood: -401212.158
96. Current log-likelihood: -401212.110
97. Current log-likelihood: -401212.061
98. Current log-likelihood: -401212.004
99. Current log-likelihood: -401211.951
Optimal log-likelihood: -401211.951
Site proportion and rates:  (0.016,0.016) (0.029,0.081) (0.045,0.180) (0.068,0.279) (0.102,0.413) (0.095,0.572) (0.132,0.736) (0.107,0.963) (0.199,1.283) (0.208,2.010)
Parameters optimization took 99 rounds (1407.491 sec)
BEST SCORE FOUND : -401211.951
Creating bootstrap support values...
Split supports printed to NEXUS file 03_Results/MSA_Ycao_juntas_curadas_Clipkit.fasta.splits.nex
Total tree length: 420.429

Total number of iterations: 1001
CPU time used for tree search: 174402.428 sec (48h:26m:42s)
Wall-clock time used for tree search: 35736.297 sec (9h:55m:36s)
Total CPU time used: 181211.884 sec (50h:20m:11s)
Total wall-clock time used: 37228.225 sec (10h:20m:28s)

Computing bootstrap consensus tree...
Reading input file 03_Results/MSA_Ycao_juntas_curadas_Clipkit.fasta.splits.nex...
732 taxa and 3626 splits.
Consensus tree written to 03_Results/MSA_Ycao_juntas_curadas_Clipkit.fasta.contree
Reading input trees file 03_Results/MSA_Ycao_juntas_curadas_Clipkit.fasta.contree
Log-likelihood of consensus tree: -401213.312

Analysis results written to: 
  IQ-TREE report:                03_Results/MSA_Ycao_juntas_curadas_Clipkit.fasta.iqtree
  Maximum-likelihood tree:       03_Results/MSA_Ycao_juntas_curadas_Clipkit.fasta.treefile
  Likelihood distances:          03_Results/MSA_Ycao_juntas_curadas_Clipkit.fasta.mldist

Ultrafast bootstrap approximation results written to:
  Split support values:          03_Results/MSA_Ycao_juntas_curadas_Clipkit.fasta.splits.nex
  Consensus tree:                03_Results/MSA_Ycao_juntas_curadas_Clipkit.fasta.contree
  Screen log file:               03_Results/MSA_Ycao_juntas_curadas_Clipkit.fasta.log

Date and Time: Thu Oct  1 07:55:46 2026
