IQ-TREE multicore version 2.0.7 for Linux 64-bit built Jan 21 2022
Developed by Bui Quang Minh, Nguyen Lam Tung, Olga Chernomor,
Heiko Schmidt, Dominik Schrempf, Michael Woodhams.

Host:    Errik (AVX2, FMA3, 7 GB RAM)
Command: iqtree2 -s 03_Results/msa_thiopeptina_ycao_ajustado_clipkit.fasta -m MFP -bb 1000 -nt AUTO
Seed:    453992 (Using SPRNG - Scalable Parallel Random Number Generator)
Time:    Sun Sep 27 22:03:07 2026
Kernel:  AVX+FMA - auto-detect threads (4 CPU cores detected)

Reading alignment file 03_Results/msa_thiopeptina_ycao_ajustado_clipkit.fasta ... Fasta format detected
Alignment most likely contains protein sequences
Alignment has 403 sequences with 624 columns, 616 distinct patterns
484 parsimony-informative, 124 singleton sites, 16 constant sites
                Gap/Ambiguity  Composition  p-value
   1  WP_083114460.1   33.33%    passed      5.35%
   2  WP_176357834.1   32.85%    passed     65.82%
   3  WP_191496964.1   33.33%    passed     18.05%
   4  WP_149656398.1   33.81%    passed     35.65%
   5  WP_083102943.1   33.33%    passed     23.83%
   6  ETW23815.1       42.31%    passed     63.76%
   7  WP_083115648.1   33.97%    passed     56.29%
   8  WP_204808186.1   33.97%    passed     12.91%
   9  MBA2393707.1     37.50%    failed      0.00%
  10  WP_356069469.1   40.54%    failed      0.00%
  11  WP_319323205.1   40.54%    failed      0.00%
  12  CTQ90668.1       38.94%    passed     27.67%
  13  WP_403588062.1   39.42%    failed      4.09%
  14  WP_467522726.1   40.38%    passed     78.09%
  15  WP_389374671.1   38.14%    passed     61.34%
  16  WP_403586322.1   39.90%    passed     29.02%
  17  WP_450660468.1   40.87%    passed     27.03%
  18  WP_356049549.1   39.26%    passed     81.92%
  19  WP_091657146.1   39.90%    passed     78.47%
  20  WP_388241940.1   40.54%    passed     95.33%
  21  WP_403586331.1   40.22%    passed     65.54%
  22  WP_189163969.1   39.74%    passed     74.07%
  23  WP_359158592.1   38.62%    passed     49.32%
  24  WP_389736129.1   33.81%    passed     44.86%
  25  WP_467611771.1   39.26%    passed     46.03%
  26  WP_388118643.1   38.46%    passed     16.15%
  27  WP_266727975.1   39.58%    passed     42.79%
  28  WP_397561592.1   38.78%    passed     71.05%
  29  WP_367742229.1   38.14%    passed     83.88%
  30  WP_346186757.1   38.78%    passed     84.54%
  31  WP_269726844.1   36.54%    passed     54.98%
  32  WP_403586454.1   36.06%    failed      0.03%
  33  WP_433017708.1   34.29%    passed     47.38%
  34  WP_363666984.1   33.01%    passed     94.54%
  35  WP_165547105.1   33.81%    passed     34.97%
  36  WP_083752781.1   37.98%    passed     82.41%
  37  WP_378397404.1   37.66%    passed     50.72%
  38  WP_378239312.1   36.54%    passed     11.89%
  39  WP_364263251.1   36.22%    passed     63.05%
  40  WP_215545201.1   37.66%    passed     68.08%
  41  WP_360648164.1   39.90%    passed     70.31%
  42  WP_344492087.1   40.22%    passed     96.35%
  43  WP_083597223.1   34.13%    passed     44.05%
  44  WP_449827011.1   40.06%    passed     76.18%
  45  WP_474574407.1   39.90%    passed     99.59%
  46  MCW2931573.1     37.98%    passed     58.96%
  47  WP_370967182.1   35.74%    passed     69.22%
  48  WP_075129297.1   36.70%    passed     75.01%
  49  WP_378394637.1   34.46%    passed     20.50%
  50  WP_378349646.1   35.42%    passed     17.36%
  51  WP_361026508.1   36.70%    passed     61.85%
  52  WP_222953028.1   35.58%    passed     78.15%
  53  MET0418791.1     37.50%    passed     29.69%
  54  WP_326414878.1   36.38%    passed     51.64%
  55  WP_444828554.1   36.54%    passed     67.65%
  56  MDQ2873315.1     37.98%    passed     86.61%
  57  MBL7256029.1     36.70%    passed     97.40%
  58  WP_159047997.1   39.10%    passed     96.60%
  59  WP_467175909.1   38.94%    passed     84.63%
  60  WP_201825510.1   39.10%    passed     99.95%
  61  WP_345052913.1   38.94%    passed     95.64%
  62  WP_392202966.1   37.98%    passed     82.76%
  63  WP_403745472.1   27.40%    passed     95.65%
  64  WP_469281253.1   38.78%    passed     95.75%
  65  WP_426600723.1   38.62%    passed     96.67%
  66  WP_391985697.1   38.78%    passed     95.28%
  67  WP_398858290.1   38.94%    passed     96.41%
  68  WP_384299982.1   38.62%    passed     82.08%
  69  MER8002107.1     38.62%    passed     41.90%
  70  WP_383022969.1   38.62%    passed     86.96%
  71  WP_384975899.1   38.62%    passed     78.39%
  72  WP_093603917.1   38.62%    passed     33.09%
  73  WP_319120639.1   38.78%    passed     87.45%
  74  WP_189959081.1   38.94%    passed     50.31%
  75  WP_450591361.1   38.78%    passed     66.47%
  76  WP_471116613.1   38.94%    passed     34.16%
  77  WP_007495061.1   38.94%    passed     99.84%
  78  WP_478837025.1   38.94%    passed     98.09%
  79  WP_161162749.1   38.94%    passed     90.27%
  80  WP_405557777.1   38.94%    passed     49.72%
  81  WP_382216014.1   38.78%    passed     52.92%
  82  WP_329140980.1   40.54%    passed      8.64%
  83  WP_369043455.1   39.26%    passed     59.06%
  84  WP_404124346.1   39.42%    passed     58.93%
  85  WP_453232837.1   38.94%    passed     87.55%
  86  WP_453100564.1   39.10%    passed     95.08%
  87  WP_450676941.1   39.10%    passed     67.79%
  88  WP_393534978.1   38.94%    passed     89.25%
  89  WP_366251118.1   38.94%    passed     97.60%
  90  WP_501028670.1   38.78%    passed     90.39%
  91  WP_330346613.1   38.78%    passed     89.42%
  92  WP_451626357.1   38.62%    passed     91.40%
  93  WP_471105049.1   41.19%    passed     97.74%
  94  WP_356048395.1   38.78%    passed     93.88%
  95  WP_344430779.1   38.78%    passed     71.50%
  96  WP_161360396.1   38.78%    passed     98.64%
  97  WP_266646428.1   38.94%    passed     96.97%
  98  WP_365936421.1   38.78%    passed     91.55%
  99  WP_386978664.1   38.78%    passed     97.23%
 100  WP_361702572.1   38.78%    passed     67.19%
 101  WP_393704003.1   38.78%    passed     95.23%
 102  WP_057608322.1   39.10%    passed     96.61%
 103  HET6857489.1     39.74%    passed     43.62%
 104  WP_250849209.1   38.94%    passed     64.57%
 105  WP_401696079.1   38.78%    passed     33.73%
 106  WP_099279259.1   39.10%    passed     23.78%
 107  WP_450216632.1   39.58%    passed     88.01%
 108  WP_344047966.1   38.94%    passed     36.99%
 109  WP_388749211.1   38.94%    passed     97.77%
 110  WP_129292093.1   38.78%    passed     90.49%
 111  MEU1622394.1     38.94%    passed     94.02%
 112  WP_385695825.1   38.78%    passed     71.44%
 113  WP_384124890.1   39.10%    passed     96.70%
 114  WP_362457403.1   38.78%    passed     80.94%
 115  WP_403036440.1   38.78%    passed     44.23%
 116  WP_468269049.1   38.78%    passed     77.36%
 117  WP_399608155.1   38.78%    passed     97.44%
 118  WP_365830337.1   40.22%    passed     86.61%
 119  WP_469369360.1   38.78%    passed     57.78%
 120  WP_331915418.1   39.10%    passed     95.02%
 121  WP_386372962.1   39.10%    passed     94.47%
 122  WP_470111340.1   38.78%    passed     98.11%
 123  WP_329296153.1   38.78%    passed     35.93%
 124  WP_094009173.1   38.78%    passed     52.84%
 125  WP_401254942.1   38.78%    passed     51.64%
 126  WP_402147930.1   38.78%    passed     51.12%
 127  WP_470845986.1   39.26%    passed     35.92%
 128  WP_468233439.1   38.94%    passed     15.08%
 129  WP_388682016.1   39.10%    passed     45.34%
 130  WP_478996475.1   38.94%    passed     52.46%
 131  WP_267092125.1   39.10%    passed     38.03%
 132  MER6314431.1     38.94%    passed     24.01%
 133  WP_327389163.1   39.10%    passed     10.36%
 134  WP_383494014.1   38.14%    passed     44.80%
 135  WP_097276114.1   38.14%    passed     73.84%
 136  WP_398072594.1   39.26%    passed     86.04%
 137  WP_289956568.1   38.94%    passed     98.21%
 138  WP_266593087.1   39.74%    passed     14.58%
 139  WP_483799143.1   39.10%    passed     46.49%
 140  WP_400987886.1   39.58%    passed     81.44%
 141  WP_402423378.1   39.42%    passed     91.44%
 142  WP_380223902.1   39.42%    passed     80.98%
 143  WP_164258107.1   39.42%    passed     32.00%
 144  WP_399954179.1   39.26%    passed     29.29%
 145  WP_451453850.1   39.42%    passed     84.07%
 146  WP_356202091.1   39.42%    passed     92.95%
 147  WP_355836860.1   39.26%    passed     80.74%
 148  WP_389137499.1   38.94%    passed     84.25%
 149  WP_384910275.1   39.42%    passed     57.39%
 150  WP_254374891.1   39.42%    passed     83.54%
 151  WP_257429820.1   39.90%    passed      6.03%
 152  WP_413754959.1   34.78%    passed     97.69%
 153  WP_356808563.1   39.26%    failed      2.03%
 154  WP_360271266.1   40.38%    passed     65.56%
 155  WP_459646303.1   41.19%    passed     43.93%
 156  WP_037881970.1   39.42%    passed     56.94%
 157  WP_388810168.1   39.26%    passed     92.29%
 158  WP_394728286.1   39.26%    passed     97.68%
 159  WP_392746365.1   39.26%    passed     62.93%
 160  WP_384214890.1   39.26%    passed     58.46%
 161  WP_478942741.1   39.26%    passed     76.09%
 162  WP_346184418.1   39.26%    passed     53.66%
 163  WP_365055450.1   39.26%    passed     61.22%
 164  WP_388926106.1   37.02%    failed      0.13%
 165  WP_393123944.1   38.94%    passed     65.97%
 166  WP_271223157.1   38.30%    passed     85.33%
 167  WP_355592321.1   38.78%    passed     56.96%
 168  WP_082688384.1   38.94%    passed     97.45%
 169  WP_167475652.1   38.78%    passed     92.64%
 170  QIS13061.1       33.01%    passed     77.70%
 171  WP_280236342.1   39.10%    passed     53.78%
 172  WP_357441898.1   39.10%    passed     83.14%
 173  WP_280238243.1   39.10%    passed     72.97%
 174  WP_311633411.1   38.94%    passed     73.68%
 175  HEY7224673.1     37.66%    passed     27.19%
 176  WP_037658204.1   38.62%    passed     47.30%
 177  WP_423623616.1   36.06%    passed     69.08%
 178  WP_363250874.1   37.34%    passed     99.53%
 179  WP_467898441.1   37.18%    passed     76.71%
 180  WP_189056188.1   36.38%    passed     35.69%
 181  WP_334027414.1   37.34%    passed     10.02%
 182  WP_209666929.1   33.65%    passed     78.59%
 183  WP_384459438.1   37.66%    passed     55.27%
 184  WP_063274437.1   37.34%    passed     20.97%
 185  WP_228708422.1   34.78%    passed      6.53%
 186  XWI29643.1       38.14%    passed     97.28%
 187  WP_323392051.1   33.65%    passed     28.41%
 188  WP_451517604.1   34.94%    passed      8.47%
 189  WP_318316740.1   37.34%    failed      3.31%
 190  WP_362060345.1   36.22%    passed     95.66%
 191  WP_363063084.1   34.94%    passed     46.83%
 192  WP_403628298.1   36.06%    passed     92.39%
 193  WP_351826049.1   36.22%    passed     84.57%
 194  WP_384893003.1   37.98%    failed      4.16%
 195  WP_382816179.1   36.22%    failed      0.71%
 196  WP_391212236.1   35.74%    passed     88.48%
 197  WP_389814806.1   36.54%    passed     28.37%
 198  WP_453493330.1   36.38%    passed     59.17%
 199  WP_356598123.1   36.38%    passed     77.23%
 200  WP_365369664.1   36.38%    passed     29.51%
 201  WP_376301376.1   36.38%    failed      2.52%
 202  WP_479024215.1   36.38%    passed     57.85%
 203  WP_451803325.1   36.38%    passed     11.27%
 204  WP_082822395.1   38.14%    failed      0.42%
 205  WP_100521517.1   33.49%    failed      0.02%
 206  WP_067519990.1   36.22%    passed     34.35%
 207  MGQ4616392.1     37.98%    failed      0.45%
 208  WP_398441949.1   38.14%    passed     99.87%
 209  WP_452168608.1   38.30%    passed     93.91%
 210  WP_397769856.1   38.30%    passed     31.22%
 211  WP_467696119.1   38.14%    passed     79.28%
 212  WP_451272916.1   38.14%    passed     61.86%
 213  MGH8882433.1     41.51%    passed     44.52%
 214  WP_363536697.1   38.30%    passed     78.04%
 215  WP_270122460.1   39.10%    passed     85.18%
 216  WP_198667552.1   38.62%    passed     86.03%
 217  WP_382349034.1   39.10%    passed     90.63%
 218  WP_359949530.1   39.10%    passed     60.41%
 219  WP_344485181.1   41.67%    passed     94.29%
 220  WP_218125530.1   38.62%    passed     44.06%
 221  WP_218126502.1   38.78%    passed     80.09%
 222  WP_465440019.1   38.46%    passed     49.27%
 223  WP_422407755.1   38.46%    passed     94.56%
 224  WP_389945538.1   38.46%    passed     46.70%
 225  WP_311626205.1   37.50%    passed     50.18%
 226  WP_384168829.1   37.66%    passed     99.32%
 227  WP_385544673.1   37.66%    passed     79.22%
 228  WP_402658780.1   37.66%    passed     71.77%
 229  WP_469478788.1   37.98%    passed     93.69%
 230  WP_466734999.1   38.14%    passed     88.56%
 231  WP_384206941.1   37.66%    passed     75.83%
 232  WP_387346596.1   38.14%    passed     96.16%
 233  WP_363283108.1   38.14%    passed     89.26%
 234  WP_369228969.1   37.50%    passed     72.19%
 235  WP_329073631.1   37.82%    passed     51.24%
 236  WP_405796343.1   37.66%    passed     39.12%
 237  WP_019885858.1   37.34%    passed     97.19%
 238  WP_137992698.1   37.34%    passed     95.65%
 239  WP_243329870.1   37.34%    passed     41.88%
 240  WP_381819026.1   37.66%    passed     68.84%
 241  WP_489408201.1   37.66%    passed     98.56%
 242  WP_380756640.1   37.34%    passed     71.07%
 243  MER8104565.1     37.18%    passed     84.52%
 244  WP_355362236.1   37.18%    passed     98.03%
 245  WTW95368.1       37.50%    passed     71.80%
 246  WP_431981441.1   36.86%    passed     28.22%
 247  WP_453343741.1   37.34%    passed     66.44%
 248  WP_344287771.1   36.86%    passed      6.10%
 249  WP_328868638.1   37.34%    passed     99.94%
 250  WP_165337348.1   37.18%    passed     91.33%
 251  WP_381640419.1   37.18%    passed     97.99%
 252  RLU86244.1       38.14%    passed     80.29%
 253  WP_399439263.1   37.66%    passed     94.95%
 254  WP_369375382.1   37.98%    passed     59.41%
 255  WP_391000521.1   37.66%    passed     69.24%
 256  WP_328868690.1   35.90%    passed     73.76%
 257  WP_189875310.1   37.50%    passed     61.69%
 258  WP_055633699.1   36.06%    passed     72.58%
 259  WP_138058429.1   37.50%    passed     82.58%
 260  WP_400762750.1   37.50%    passed     90.27%
 261  WP_114626704.1   37.82%    passed     43.27%
 262  WP_471338002.1   37.66%    passed     82.08%
 263  WP_365633369.1   37.82%    passed     84.72%
 264  WP_355883384.1   37.50%    passed     81.72%
 265  WP_376305983.1   37.82%    passed     92.37%
 266  WP_404119786.1   37.50%    passed     86.23%
 267  WP_448333949.1   37.82%    passed     77.32%
 268  WP_382560956.1   37.82%    passed     92.55%
 269  WP_030794381.1   37.50%    passed     79.52%
 270  WUT01545.1       37.50%    passed     85.92%
 271  WP_391629356.1   37.82%    passed     71.52%
 272  WP_326698474.1   37.50%    passed     62.05%
 273  WP_329066663.1   37.82%    passed     84.50%
 274  WP_266361574.1   37.50%    passed     80.64%
 275  MGH3191243.1     38.30%    failed      0.02%
 276  WP_345442660.1   37.82%    passed     97.29%
 277  WP_364427040.1   37.82%    passed     96.11%
 278  WP_405803087.1   38.78%    passed     99.39%
 279  WP_067972339.1   38.46%    passed     37.84%
 280  WP_156206976.1   38.94%    passed     98.72%
 281  WP_046090867.1   38.14%    passed     94.64%
 282  WP_399148564.1   37.50%    passed     99.50%
 283  HEX5493803.1     34.78%    passed     90.16%
 284  WP_354785015.1   37.18%    passed     23.26%
 285  WP_479021549.1   38.46%    passed     51.34%
 286  WP_450944137.1   38.30%    passed     39.59%
 287  MDG5807917.1     38.30%    passed     51.17%
 288  WP_382283009.1   38.30%    passed     86.08%
 289  MCI0685909.1     37.82%    passed     46.73%
 290  MCI0688548.1     33.17%    passed     39.75%
 291  WP_253882135.1   36.54%    passed     93.10%
 292  WP_433178178.1   37.98%    passed     94.05%
 293  WP_345349819.1   38.14%    passed     49.15%
 294  WP_460349948.1   37.98%    passed     55.91%
 295  WP_044850624.1   38.94%    passed     95.81%
 296  WP_362183836.1   35.74%    passed     64.19%
 297  WP_347680705.1   32.85%    failed      3.15%
 298  WP_436765562.1   38.14%    passed     57.97%
 299  WP_233521474.1   38.78%    passed     53.77%
 300  WP_382785039.1   37.50%    passed     15.95%
 301  WP_467692594.1   37.66%    passed     98.78%
 302  WP_308944696.1   36.54%    failed      3.20%
 303  WP_358872109.1   35.74%    passed     20.84%
 304  WP_356731313.1   37.18%    passed     30.45%
 305  WP_280929238.1   37.50%    passed     36.67%
 306  WP_381708104.1   37.82%    passed     54.71%
 307  WP_403550525.1   36.86%    passed     97.76%
 308  WP_310869278.1   38.94%    passed     31.85%
 309  WP_384506017.1   36.86%    passed     49.55%
 310  WP_451153632.1   36.86%    passed      5.17%
 311  WP_240152258.1   37.18%    passed     26.21%
 312  WP_262038524.1   36.86%    passed     89.87%
 313  WP_398527297.1   35.58%    passed     86.81%
 314  WP_076971825.1   36.70%    passed     85.05%
 315  WP_432194931.1   36.86%    passed     11.30%
 316  WP_381462856.1   36.86%    passed     45.95%
 317  WP_328436763.1   37.02%    passed     84.55%
 318  MER5213926.1     37.02%    passed     66.84%
 319  WP_054569301.1   38.62%    passed     96.66%
 320  WP_018637157.1   39.10%    passed     96.70%
 321  WP_416582624.1   36.86%    passed     75.61%
 322  HUD39674.1       36.70%    passed     35.35%
 323  WP_327040104.1   37.82%    passed     50.62%
 324  WP_436528703.1   37.98%    passed     76.76%
 325  ODU05661.1       38.94%    passed     91.93%
 326  WP_211290407.1   36.70%    passed     76.52%
 327  WP_110565442.1   34.94%    passed     84.78%
 328  WP_074475319.1   34.94%    passed     58.57%
 329  WP_393141813.1   36.38%    passed     90.16%
 330  WP_110669060.1   36.06%    passed     89.27%
 331  WP_276095330.1   36.38%    passed     83.50%
 332  WP_329061001.1   36.54%    passed     90.66%
 333  WP_370356716.1   37.66%    passed     64.60%
 334  WP_213456333.1   37.18%    passed     96.62%
 335  WP_193614088.1   37.18%    passed     53.08%
 336  WP_380625976.1   37.66%    passed     96.63%
 337  WP_398418823.1   36.38%    passed     97.61%
 338  WP_229326066.1   36.22%    passed     99.23%
 339  WP_449841714.1   37.82%    passed     51.79%
 340  WP_360047594.1   37.82%    passed     28.73%
 341  WP_449871421.1   39.26%    passed     95.70%
 342  WP_112264076.1   37.98%    passed     93.15%
 343  WP_203897799.1   38.30%    passed     79.02%
 344  HKS99310.1       39.10%    passed     76.52%
 345  MHR6347704.1     39.10%    passed     56.01%
 346  WP_425774763.1   38.78%    passed     72.93%
 347  WP_130510122.1   37.82%    passed     96.78%
 348  HTZ44682.1       36.86%    passed     94.40%
 349  WP_183662695.1   37.82%    passed     98.51%
 350  WP_355375723.1   37.82%    passed     78.05%
 351  WP_356810780.1   37.50%    passed     89.58%
 352  WP_330323315.1   37.66%    passed     72.55%
 353  WP_173874136.1   40.54%    passed     32.95%
 354  WP_396524989.1   38.78%    passed     97.84%
 355  HEY6311061.1     39.74%    passed     65.70%
 356  HEU5353237.1     36.38%    passed     80.29%
 357  WP_184777112.1   38.94%    passed     85.03%
 358  WP_120025445.1   38.94%    passed     90.52%
 359  XWA91042.1       38.94%    passed     91.97%
 360  WP_344865570.1   38.78%    passed     98.69%
 361  WP_328609580.1   39.10%    passed     97.56%
 362  HEX3778379.1     37.18%    passed     92.28%
 363  HEY4453176.1     39.58%    passed     99.17%
 364  HEY2698429.1     39.42%    passed     97.75%
 365  HEV3355167.1     39.58%    passed     84.01%
 366  HEV3355158.1     39.90%    passed     99.61%
 367  HEY4018024.1     39.58%    passed     99.76%
 368  WP_370942424.1   39.90%    passed     72.26%
 369  WP_173140785.1   39.10%    passed     70.31%
 370  WP_076986768.1   39.10%    passed     74.44%
 371  WP_324165434.1   36.38%    failed      3.44%
 372  MEU3765294.1     37.98%    passed     23.20%
 373  HBL26586.1       37.98%    passed     67.62%
 374  HEX4966296.1     39.10%    passed     48.13%
 375  MGC7101406.1     37.50%    passed     99.05%
 376  WP_423575480.1   37.50%    passed     84.50%
 377  WP_285967728.1   37.82%    passed     90.06%
 378  WP_145937100.1   37.82%    passed     54.71%
 379  WP_367792475.1   38.94%    passed     95.53%
 380  WP_368960386.1   33.33%    failed      2.26%
 381  WP_453818444.1   38.62%    passed     93.84%
 382  WP_387747080.1   36.38%    passed     83.70%
 383  WP_179166707.1   36.70%    passed     87.56%
 384  WP_389290924.1   37.18%    passed     99.03%
 385  WP_193460618.1   36.70%    passed     58.28%
 386  WP_215449692.1   35.26%    passed     72.99%
 387  WP_344642606.1   36.86%    passed     87.31%
 388  WP_402151736.1   37.34%    passed     94.16%
 389  WP_389474617.1   37.34%    passed     44.39%
 390  WP_404101868.1   37.34%    passed     75.69%
 391  WP_453821561.1   37.34%    passed     48.39%
 392  WP_385859880.1   33.49%    passed     78.48%
 393  WP_453599844.1   40.54%    passed     90.92%
 394  WP_433091172.1   37.34%    passed     94.66%
 395  WP_451796972.1   33.33%    passed     72.51%
 396  WP_221087100.1   37.18%    passed     73.02%
 397  WP_421479357.1   37.18%    passed     86.30%
 398  WP_164447499.1   37.18%    passed     98.76%
 399  WP_158573769.1   37.98%    passed     81.94%
 400  HZS15580.1       39.42%    passed     57.17%
 401  HKG38029.1       37.50%    passed     63.35%
 402  WP_469995344.1   37.82%    passed     25.86%
 403  WP_179285152.1   37.34%    passed     82.95%
****  TOTAL            37.87%  19 sequences failed composition chi2 test (p-value<5%; df=19)


Create initial parsimony tree by phylogenetic likelihood library (PLL)... 0.545 seconds
Measuring multi-threading efficiency up to 4 CPU cores
3 trees examined
Threads: 1 / Time: 4.918 sec / Speedup: 1.000 / Efficiency: 100% / LogL: -270332
Threads: 2 / Time: 3.101 sec / Speedup: 1.586 / Efficiency: 79% / LogL: -270332
Threads: 3 / Time: 2.764 sec / Speedup: 1.779 / Efficiency: 59% / LogL: -270332
Threads: 4 / Time: 2.929 sec / Speedup: 1.679 / Efficiency: 42% / LogL: -270332
BEST NUMBER OF THREADS: 3

Perform fast likelihood tree search using LG+I+G model...
Estimate model parameters (epsilon = 5.000)
Perform nearest neighbor interchange...
Estimate model parameters (epsilon = 1.000)
1. Initial log-likelihood: -165449.978
Optimal log-likelihood: -165449.968
Proportion of invariable sites: 0.018
Gamma shape alpha: 0.874
Parameters optimization took 1 rounds (2.585 sec)
Time for fast ML tree search: 28.483 seconds

NOTE: ModelFinder requires 398 MB RAM!
ModelFinder will test up to 546 protein models (sample size: 624) ...
 No. Model         -LnL         df  AIC          AICc         BIC
  1  LG            177505.035   803 356616.071   1647840.071  360178.299
  2  LG+I          176825.941   804 355259.883   1649699.883  358826.548
  3  LG+G4         165510.734   804 332629.468   1627069.468  336196.133
  4  LG+I+G4       165449.968   805 332509.937   1630169.937  336081.038
  5  LG+R2         168479.288   805 338568.575   1636228.575  342139.676
  6  LG+R3         166333.322   807 334280.644   1638392.644  337860.617
  7  LG+R4         165470.952   809 332559.905   1643139.905  336148.750
  8  LG+R5         165185.700   811 331993.399   1649057.399  335591.117
  9  LG+R6         165023.475   813 331672.951   1655236.951  335279.541
