IQ-TREE multicore version 2.0.7 for Linux 64-bit built Jan 21 2022
Developed by Bui Quang Minh, Nguyen Lam Tung, Olga Chernomor,
Heiko Schmidt, Dominik Schrempf, Michael Woodhams.

Host:    Errik (AVX2, FMA3, 7 GB RAM)
Command: iqtree2 -s 03_Results/msa_syomicina_ycao_ajustado_Clipkit.fasta -m MFP -bb 1000 -nt AUTO
Seed:    807090 (Using SPRNG - Scalable Parallel Random Number Generator)
Time:    Sun Sep 27 22:19:09 2026
Kernel:  AVX+FMA - auto-detect threads (4 CPU cores detected)

Reading alignment file 03_Results/msa_syomicina_ycao_ajustado_Clipkit.fasta ... Fasta format detected
Alignment most likely contains protein sequences
Alignment has 19 sequences with 678 columns, 513 distinct patterns
373 parsimony-informative, 107 singleton sites, 198 constant sites
                Gap/Ambiguity  Composition  p-value
   1  WP_269857910.1    5.16%    passed     73.41%
   2  WP_329061014.1    5.75%    passed     99.42%
   3  PYC80219.1        5.75%    passed     50.73%
   4  WP_146259077.1    5.75%    passed     53.28%
   5  WP_393140662.1    6.05%    passed     96.42%
   6  WP_074475314.1    4.87%    passed     94.85%
   7  WP_281594375.1    4.87%    passed     96.24%
   8  WP_398115268.1    4.57%    passed     99.13%
   9  WP_359876281.1    2.36%    passed     97.11%
  10  WP_359187352.1    4.57%    passed     76.96%
  11  WP_240109680.1    4.57%    passed     99.90%
  12  WP_490882320.1    3.98%    passed     99.32%
  13  WP_394631306.1   22.42%    passed     99.06%
  14  MBN0043330.1      4.72%    passed     87.22%
  15  WP_323448732.1    2.21%    passed     95.49%
  16  WP_356302449.1    4.57%    passed      5.36%
  17  WP_196468106.1    2.51%    passed     91.15%
  18  WP_093941965.1    6.34%    passed     99.79%
  19  WP_007074884.1   12.54%    passed     96.58%
****  TOTAL             5.98%  0 sequences failed composition chi2 test (p-value<5%; df=19)

NOTE: Restoring information from model checkpoint file 03_Results/msa_syomicina_ycao_ajustado_Clipkit.fasta.model.gz

CHECKPOINT: Initial tree restored
Measuring multi-threading efficiency up to 4 CPU cores
Increase to 10 rounds for branch lengths
11 trees examined
Threads: 1 / Time: 4.240 sec / Speedup: 1.000 / Efficiency: 100% / LogL: -14681
Threads: 2 / Time: 4.373 sec / Speedup: 0.970 / Efficiency: 48% / LogL: -14681
BEST NUMBER OF THREADS: 1

Perform fast likelihood tree search using LG+I+G model...
Estimate model parameters (epsilon = 5.000)
Perform nearest neighbor interchange...
Estimate model parameters (epsilon = 1.000)
1. Initial log-likelihood: -12014.618
Optimal log-likelihood: -12014.385
Proportion of invariable sites: 0.145
Gamma shape alpha: 0.887
Parameters optimization took 1 rounds (0.168 sec)
Time for fast ML tree search: 0.827 seconds

NOTE: ModelFinder requires 17 MB RAM!
ModelFinder will test up to 546 protein models (sample size: 678) ...
 No. Model         -LnL         df  AIC          AICc         BIC
  1  LG            12635.397    35  25340.794    25344.719    25498.964
  2  LG+I          12261.539    36  24595.079    24599.235    24757.768
  3  LG+G4         12022.275    36  24116.550    24120.706    24279.239
  4  LG+I+G4       12014.299    37  24102.599    24106.993    24269.807
  5  LG+R2         12089.728    37  24253.457    24257.850    24420.665
  6  LG+R3         12021.092    39  24120.185    24125.075    24296.432
  7  LG+R4         12007.984    41  24097.969    24103.384    24283.254
  8  LG+R5         12007.884    43  24101.768    24107.736    24296.091
 16  LG+F+G4       11459.855    55  23029.710    23039.613    23278.263
 17  LG+F+I+G4     11450.119    56  23012.237    23022.518    23265.310
 29  WAG+G4        11926.169    36  23924.339    23928.495    24087.028
 30  WAG+I+G4      11914.342    37  23902.683    23907.077    24069.892
 42  WAG+F+G4      11460.087    55  23030.173    23040.077    23278.726
 43  WAG+F+I+G4    11446.871    56  23005.742    23016.023    23258.815
 55  JTT+G4        11886.653    36  23845.307    23849.463    24007.996
 56  JTT+I+G4      11877.636    37  23829.273    23833.666    23996.481
 68  JTT+F+G4      11479.274    55  23068.548    23078.452    23317.101
 69  JTT+F+I+G4    11468.789    56  23049.578    23059.859    23302.651
 81  JTTDCMut+G4   11892.972    36  23857.944    23862.100    24020.633
 82  JTTDCMut+I+G4 11883.737    37  23841.475    23845.868    24008.683
 94  JTTDCMut+F+G4 11478.566    55  23067.131    23077.035    23315.684
 95  JTTDCMut+F+I+G4 11467.898    56  23047.795    23058.075    23300.867
107  DCMut+G4      12026.818    36  24125.636    24129.792    24288.325
108  DCMut+I+G4    12014.684    37  24103.368    24107.762    24270.577
120  DCMut+F+G4    11561.925    55  23233.850    23243.753    23482.403
121  DCMut+F+I+G4  11549.811    56  23211.622    23221.902    23464.694
133  VT+G4         11979.204    36  24030.407    24034.563    24193.096
134  VT+I+G4       11968.423    37  24010.845    24015.239    24178.054
146  VT+F+G4       11506.072    55  23122.144    23132.048    23370.697
147  VT+F+I+G4     11493.662    56  23099.323    23109.603    23352.396
159  PMB+G4        12092.473    36  24256.946    24261.102    24419.636
160  PMB+I+G4      12082.401    37  24238.801    24243.195    24406.010
172  PMB+F+G4      11598.911    55  23307.822    23317.726    23556.375
173  PMB+F+I+G4    11586.583    56  23285.166    23295.446    23538.238
185  Blosum62+G4   12150.957    36  24373.914    24378.070    24536.603
186  Blosum62+I+G4 12141.299    37  24356.598    24360.992    24523.806
198  Blosum62+F+G4 11595.214    55  23300.428    23310.331    23548.981
199  Blosum62+F+I+G4 11583.317    56  23278.634    23288.914    23531.706
211  Dayhoff+G4    12026.110    36  24124.220    24128.376    24286.909
212  Dayhoff+I+G4  12014.008    37  24102.016    24106.410    24269.224
224  Dayhoff+F+G4  11560.684    55  23231.367    23241.271    23479.920
225  Dayhoff+F+I+G4 11548.647    56  23209.295    23219.575    23462.367
237  mtREV+G4      12749.299    36  25570.598    25574.754    25733.288
238  mtREV+I+G4    12748.725    37  25571.449    25575.843    25738.658
250  mtREV+F+G4    11600.081    55  23310.162    23320.066    23558.715
251  mtREV+F+I+G4  11597.670    56  23307.340    23317.620    23560.412
263  mtART+G4      13301.479    36  26674.958    26679.114    26837.647
264  mtART+I+G4    13300.770    37  26675.540    26679.934    26842.749
276  mtART+F+G4    12034.450    55  24178.899    24188.803    24427.452
277  mtART+F+I+G4  12034.513    56  24181.026    24191.306    24434.098
289  mtZOA+G4      12716.880    36  25505.760    25509.916    25668.449
290  mtZOA+I+G4    12716.907    37  25507.814    25512.208    25675.023
302  mtZOA+F+G4    11747.852    55  23605.704    23615.608    23854.257
303  mtZOA+F+I+G4  11747.206    56  23606.412    23616.692    23859.484
315  mtMet+G4      13071.920    36  26215.840    26219.996    26378.529
316  mtMet+I+G4    13070.755    37  26215.510    26219.903    26382.718
328  mtMet+F+G4    11638.575    55  23387.150    23397.053    23635.703
329  mtMet+F+I+G4  11636.581    56  23385.161    23395.442    23638.234
341  mtVer+G4      12834.506    36  25741.012    25745.168    25903.701
342  mtVer+I+G4    12834.181    37  25742.361    25746.755    25909.570
354  mtVer+F+G4    11663.349    55  23436.698    23446.602    23685.251
355  mtVer+F+I+G4  11660.965    56  23433.929    23444.209    23687.001
367  mtInv+G4      13330.313    36  26732.626    26736.782    26895.315
368  mtInv+I+G4    13326.727    37  26727.453    26731.847    26894.662
380  mtInv+F+G4    11609.477    55  23328.955    23338.858    23577.508
381  mtInv+F+I+G4  11606.107    56  23324.214    23334.494    23577.286
393  mtMAM+G4      12969.260    36  26010.519    26014.675    26173.209
394  mtMAM+I+G4    12969.976    37  26013.952    26018.346    26181.161
406  mtMAM+F+G4    11799.775    55  23709.549    23719.453    23958.102
407  mtMAM+F+I+G4  11800.168    56  23712.336    23722.616    23965.409
419  HIVb+G4       12200.066    36  24472.131    24476.287    24634.821
420  HIVb+I+G4     12188.038    37  24450.075    24454.469    24617.284
432  HIVb+F+G4     11677.175    55  23464.349    23474.253    23712.902
433  HIVb+F+I+G4   11665.882    56  23443.765    23454.045    23696.837
445  HIVw+G4       12830.726    36  25733.452    25737.608    25896.142
446  HIVw+I+G4     12820.363    37  25714.726    25719.120    25881.935
458  HIVw+F+G4     11931.528    55  23973.057    23982.960    24221.610
459  HIVw+F+I+G4   11920.894    56  23953.789    23964.069    24206.861
471  FLU+G4        12369.223    36  24810.446    24814.602    24973.135
472  FLU+I+G4      12360.438    37  24794.875    24799.269    24962.084
484  FLU+F+G4      11512.989    55  23135.978    23145.882    23384.531
485  FLU+F+I+G4    11503.236    56  23118.473    23128.753    23371.545
497  rtREV+G4      12204.700    36  24481.400    24485.556    24644.089
498  rtREV+I+G4    12194.919    37  24463.837    24468.231    24631.046
510  rtREV+F+G4    11535.401    55  23180.802    23190.705    23429.355
511  rtREV+F+I+G4  11525.186    56  23162.371    23172.651    23415.443
523  cpREV+G4      12121.966    36  24315.931    24320.087    24478.621
524  cpREV+I+G4    12112.670    37  24299.341    24303.734    24466.549
536  cpREV+F+G4    11469.355    55  23048.711    23058.614    23297.264
537  cpREV+F+I+G4  11458.363    56  23028.726    23039.006    23281.798
Akaike Information Criterion:           WAG+F+I+G4
Corrected Akaike Information Criterion: WAG+F+I+G4
Bayesian Information Criterion:         WAG+F+I+G4
Best-fit model: WAG+F+I+G4 chosen according to BIC

All model information printed to 03_Results/msa_syomicina_ycao_ajustado_Clipkit.fasta.model.gz
CPU time for ModelFinder: 118.058 seconds (0h:1m:58s)
Wall-clock time for ModelFinder: 114.964 seconds (0h:1m:54s)
Generating 1000 samples for ultrafast bootstrap (seed: 807090)...

NOTE: 8 MB RAM (0 GB) is required!
Estimate model parameters (epsilon = 0.100)
Thoroughly optimizing +I+G parameters from 10 start values...
Init pinv, alpha: 0.000, 1.251 / Estimate: 0.000, 0.668 / LogL: -11460.086
Init pinv, alpha: 0.032, 1.251 / Estimate: 0.189, 1.256 / LogL: -11446.859
Init pinv, alpha: 0.065, 1.251 / Estimate: 0.188, 1.250 / LogL: -11446.877
Init pinv, alpha: 0.097, 1.251 / Estimate: 0.189, 1.253 / LogL: -11446.868
Init pinv, alpha: 0.130, 1.251 / Estimate: 0.190, 1.258 / LogL: -11446.854
Init pinv, alpha: 0.162, 1.251 / Estimate: 0.187, 1.246 / LogL: -11446.890
Init pinv, alpha: 0.195, 1.251 / Estimate: 0.196, 1.292 / LogL: -11446.793
Init pinv, alpha: 0.227, 1.251 / Estimate: 0.205, 1.350 / LogL: -11446.839
Init pinv, alpha: 0.260, 1.251 / Estimate: 0.205, 1.351 / LogL: -11446.840
Init pinv, alpha: 0.292, 1.251 / Estimate: 0.204, 1.343 / LogL: -11446.822
Optimal pinv,alpha: 0.196, 1.292 / LogL: -11446.793

Parameters optimization took 17.135 sec
Computing ML distances based on estimated model parameters... 0.055 sec
Computing BIONJ tree...
0.013 seconds
Log-likelihood of BIONJ tree: -11442.330
--------------------------------------------------------------------
|             INITIALIZING CANDIDATE TREE SET                      |
--------------------------------------------------------------------
Generating 98 parsimony trees... 0.391 second
Computing log-likelihood of 98 initial trees ... 4.482 seconds
Current best score: -11442.330

Do NNI search on 20 best initial trees
Estimate model parameters (epsilon = 0.100)
BETTER TREE FOUND at iteration 1: -11441.469
Iteration 10 / LogL: -11441.633 / Time: 0h:0m:29s
Iteration 20 / LogL: -11446.830 / Time: 0h:0m:37s
Finish initializing candidate tree set (6)
Current best tree score: -11441.469 / CPU time: 19.583
Number of iterations: 20
--------------------------------------------------------------------
|               OPTIMIZING CANDIDATE TREE SET                      |
--------------------------------------------------------------------
Iteration 30 / LogL: -11446.928 / Time: 0h:0m:43s (0h:1m:46s left)
Iteration 40 / LogL: -11441.832 / Time: 0h:0m:51s (0h:1m:19s left)
Iteration 50 / LogL: -11442.935 / Time: 0h:0m:57s (0h:1m:0s left)
Log-likelihood cutoff on original alignment: -11473.895
Iteration 60 / LogL: -11441.676 / Time: 0h:1m:5s (0h:0m:45s left)
Iteration 70 / LogL: -11441.471 / Time: 0h:1m:12s (0h:0m:32s left)
Iteration 80 / LogL: -11442.278 / Time: 0h:1m:20s (0h:0m:21s left)
Iteration 90 / LogL: -11446.993 / Time: 0h:1m:27s (0h:0m:10s left)
Iteration 100 / LogL: -11442.825 / Time: 0h:1m:35s (0h:0m:0s left)
Log-likelihood cutoff on original alignment: -11471.921
NOTE: Bootstrap correlation coefficient of split occurrence frequencies: 1.000
TREE SEARCH COMPLETED AFTER 102 ITERATIONS / Time: 0h:1m:37s

--------------------------------------------------------------------
|                    FINALIZING TREE SEARCH                        |
--------------------------------------------------------------------
Performs final model parameters optimization
Estimate model parameters (epsilon = 0.010)
1. Initial log-likelihood: -11441.469
Optimal log-likelihood: -11441.469
Proportion of invariable sites: 0.197
Gamma shape alpha: 1.275
Parameters optimization took 1 rounds (0.165 sec)
BEST SCORE FOUND : -11441.469
Creating bootstrap support values...
Split supports printed to NEXUS file 03_Results/msa_syomicina_ycao_ajustado_Clipkit.fasta.splits.nex
Total tree length: 4.747

Total number of iterations: 102
CPU time used for tree search: 78.779 sec (0h:1m:18s)
Wall-clock time used for tree search: 79.520 sec (0h:1m:19s)
Total CPU time used: 96.401 sec (0h:1m:36s)
Total wall-clock time used: 97.406 sec (0h:1m:37s)

Computing bootstrap consensus tree...
Reading input file 03_Results/msa_syomicina_ycao_ajustado_Clipkit.fasta.splits.nex...
19 taxa and 93 splits.
Consensus tree written to 03_Results/msa_syomicina_ycao_ajustado_Clipkit.fasta.contree
Reading input trees file 03_Results/msa_syomicina_ycao_ajustado_Clipkit.fasta.contree
Log-likelihood of consensus tree: -11441.469

Analysis results written to: 
  IQ-TREE report:                03_Results/msa_syomicina_ycao_ajustado_Clipkit.fasta.iqtree
  Maximum-likelihood tree:       03_Results/msa_syomicina_ycao_ajustado_Clipkit.fasta.treefile
  Likelihood distances:          03_Results/msa_syomicina_ycao_ajustado_Clipkit.fasta.mldist

Ultrafast bootstrap approximation results written to:
  Split support values:          03_Results/msa_syomicina_ycao_ajustado_Clipkit.fasta.splits.nex
  Consensus tree:                03_Results/msa_syomicina_ycao_ajustado_Clipkit.fasta.contree
  Screen log file:               03_Results/msa_syomicina_ycao_ajustado_Clipkit.fasta.log

Date and Time: Sun Sep 27 22:22:42 2026
