IQ-TREE multicore version 2.0.7 for Linux 64-bit built Nov 30 2024
Developed by Bui Quang Minh, Nguyen Lam Tung, Olga Chernomor,
Heiko Schmidt, Dominik Schrempf, Michael Woodhams.

Host:    iquimica21-04 (AVX2, FMA3, 7 GB RAM)
Command: iqtree2 -s conjunto_MSA_ajustado_clipkit.fasta -m MFP -bb 1000 -nt AUTO
Seed:    612406 (Using SPRNG - Scalable Parallel Random Number Generator)
Time:    Mon Oct  5 10:25:51 2026
Kernel:  AVX+FMA - auto-detect threads (16 CPU cores detected)

Reading alignment file conjunto_MSA_ajustado_clipkit.fasta ... Fasta format detected
Alignment most likely contains protein sequences
Alignment has 542 sequences with 806 columns, 791 distinct patterns
661 parsimony-informative, 92 singleton sites, 53 constant sites
                Gap/Ambiguity  Composition  p-value
   1  WP_172686359.1   30.15%    failed      0.00%
   2  HDD0571723.1     29.53%    failed      0.00%
   3  WP_449126154.1   29.78%    failed      0.00%
   4  WP_180706921.1   37.72%    failed      0.00%
   5  WP_174167550.1   29.53%    failed      0.00%
   6  WP_239372408.1   29.53%    failed      0.00%
   7  WP_263974792.1   51.74%    failed      0.00%
   8  WP_136290222.1   28.29%    failed      0.00%
   9  WP_077353871.1   28.54%    failed      0.00%
  10  WP_259592873.1   27.42%    failed      0.00%
  11  WP_138068659.1   24.94%    failed      0.00%
  12  EAC2412716.1     25.31%    failed      0.00%
  13  EAE7854086.1     41.07%    failed      0.00%
  14  WP_201634335.1   17.99%    passed      5.97%
  15  WP_194222697.1   35.86%    failed      0.00%
  16  WP_048368281.1   27.54%    failed      0.00%
  17  WP_393202637.1   23.57%    failed      0.00%
  18  WP_110044842.1   20.22%    passed     91.90%
  19  WP_162357576.1   20.22%    passed     12.34%
  20  WP_460318716.1   19.85%    passed     77.50%
  21  WP_019638724.1   20.10%    passed     98.97%
  22  WP_211020662.1   20.10%    passed     67.64%
  23  WP_068780233.1   20.10%    passed     59.87%
  24  WP_309154692.1   20.10%    passed     84.39%
  25  WP_430165472.1   20.10%    passed     62.65%
  26  WP_251407829.1   20.10%    passed     82.31%
  27  WP_248925999.1   19.98%    passed     47.69%
  28  WP_410998366.1   20.72%    passed     81.47%
  29  WP_246061953.1   20.72%    passed     23.93%
  30  WP_328272521.1   15.88%    failed      1.37%
  31  WP_316561576.1   39.58%    passed      9.83%
  32  WP_082207828.1   15.51%    failed      0.16%
  33  WP_041047436.1   20.10%    failed      0.14%
  34  WP_139602670.1   21.46%    passed     96.35%
  35  WP_210021420.1   19.48%    passed     98.96%
  36  WP_488980864.1   19.60%    passed     95.37%
  37  WP_174350539.1   19.48%    passed     91.22%
  38  WP_488437141.1   19.73%    passed     18.79%
  39  WP_155701669.1   19.60%    passed     57.72%
  40  MEX2462397.1     19.60%    passed     94.42%
  41  WP_166153998.1   19.60%    passed     98.87%
  42  MIF9986139.1     21.59%    passed     99.11%
  43  WP_161405329.1   21.59%    passed     95.85%
  44  WP_056619250.1   21.59%    passed     93.14%
  45  WP_171681600.1   21.59%    passed     75.72%
  46  WP_270881127.1   21.46%    passed     84.42%
  47  GFZ93307.1       31.02%    passed     87.20%
  48  WP_238171584.1   21.59%    passed     94.31%
  49  WP_167056766.1   21.59%    passed     95.73%
  50  WP_379304933.1   20.10%    passed     99.57%
  51  WP_163954142.1   21.46%    passed     95.33%
  52  WP_144699461.1   21.59%    passed     88.42%
  53  WP_026961485.1   20.22%    failed      0.04%
  54  WP_198850312.1   19.23%    passed     61.33%
  55  WP_341419750.1   19.60%    failed      2.20%
  56  WP_159887326.1   18.36%    passed     69.55%
  57  WP_428912341.1   19.85%    passed     98.78%
  58  WP_251556452.1   19.98%    passed     99.43%
  59  MFZ0443857.1     19.98%    passed     98.26%
  60  WP_338472432.1   19.85%    passed     99.88%
  61  WP_216831344.1   19.85%    passed     98.93%
  62  WP_230896616.1   19.85%    passed     91.70%
  63  WP_373648050.1   19.85%    passed     89.10%
  64  MBU8907506.1     19.85%    passed     92.74%
  65  WP_335963767.1   19.85%    passed     99.84%
  66  WP_078427656.1   19.85%    passed     82.63%
  67  WP_441422930.1   19.85%    passed     99.78%
  68  WP_048824044.1   19.85%    passed     97.04%
  69  WP_118919025.1   19.85%    passed     98.71%
  70  WP_316571384.1   19.85%    passed     75.07%
  71  WP_095313795.1   19.85%    passed     98.01%
  72  MHC0037995.1     19.85%    passed     98.81%
  73  RDU38064.1       19.85%    passed     99.87%
  74  WP_059173150.1   19.85%    passed     96.64%
  75  WP_409274892.1   19.85%    passed     91.68%
  76  WP_066202683.1   19.85%    passed     98.65%
  77  WP_075980571.1   19.85%    passed     99.00%
  78  WP_240257101.1   19.85%    passed     99.79%
  79  WP_342488814.1   20.35%    passed     92.93%
  80  WP_488128489.1   19.85%    passed     98.96%
  81  WP_207450710.1   19.85%    passed     84.10%
  82  WP_209973508.1   19.85%    passed     93.35%
  83  WP_269411479.1   19.85%    passed     98.89%
  84  WP_213139593.1   19.85%    passed     98.20%
  85  WP_335713934.1   19.85%    passed     87.94%
  86  WP_380772463.1   19.60%    passed     99.69%
  87  WP_126051897.1   19.85%    passed     99.65%
  88  WP_191815135.1   19.73%    passed     97.77%
  89  WP_144463642.1   19.85%    passed     99.99%
  90  WP_018709274.1   19.85%    passed     99.86%
  91  WP_120116116.1   19.85%    passed     99.96%
  92  WP_307409558.1   19.85%    passed     82.75%
  93  WP_416826221.1   19.85%    passed     72.07%
  94  WP_464507387.1   19.85%    passed     99.43%
  95  WP_066308054.1   19.85%    passed    100.00%
  96  WP_042461349.1   19.85%    passed     99.96%
  97  WP_462412891.1   19.85%    passed     99.88%
  98  WP_307286092.1   19.85%    passed     99.98%
  99  WP_071355272.1   19.85%    passed     99.83%
 100  WP_133335353.1   19.85%    passed     95.69%
 101  GHI00462.1       19.85%    passed     99.99%
 102  WP_127484440.1   19.85%    passed     99.97%
 103  WP_378582455.1   19.85%    passed     99.79%
 104  WP_024030399.1   19.85%    passed     99.98%
 105  WP_129729220.1   19.85%    passed     99.93%
 106  WP_144568270.1   19.85%    passed     99.81%
 107  WP_335503957.1   19.73%    passed     98.82%
 108  WP_166026058.1   19.85%    passed     60.03%
 109  WP_090635197.1   19.85%    passed     99.35%
 110  WP_435556161.1   19.85%    passed     96.06%
 111  WP_409972123.1   19.85%    passed     98.75%
 112  WP_221847011.1   19.85%    passed     88.99%
 113  WP_309866557.1   19.85%    passed     96.17%
 114  WP_213126922.1   19.85%    passed     97.64%
 115  WP_251571072.1   19.85%    passed     99.61%
 116  WP_476028277.1   19.85%    passed     99.64%
 117  WP_308109758.1   19.98%    passed     99.88%
 118  WP_251472053.1   19.85%    passed     98.04%
 119  WP_149871263.1   19.98%    passed     96.74%
 120  WP_490210862.1   19.85%    passed     98.71%
 121  WP_310192601.1   19.98%    passed     99.67%
 122  WP_097160670.1   19.85%    passed     99.95%
 123  WP_243355304.1   19.85%    passed     97.99%
 124  WP_203557025.1   19.98%    passed     78.55%
 125  WP_377878078.1   19.85%    passed     99.83%
 126  WP_338448435.1   19.85%    passed     99.97%
 127  WP_488313931.1   19.85%    passed     99.41%
 128  WP_403071455.1   19.85%    passed     98.53%
 129  WP_015591994.1   19.85%    passed     99.60%
 130  NEU32503.1       19.85%    passed     99.94%
 131  WP_328231265.1   19.85%    passed     99.77%
 132  WP_256240891.1   19.85%    passed     99.94%
 133  WP_342431230.1   19.85%    passed     99.52%
 134  WP_066255848.1   19.85%    passed     99.99%
 135  WP_252295250.1   19.60%    passed     96.79%
 136  WP_119116690.1   19.73%    passed    100.00%
 137  WP_091734471.1   19.60%    passed     90.51%
 138  WP_073152071.1   19.98%    passed     43.56%
 139  WP_259618740.1   19.85%    failed      0.00%
 140  WP_428978648.1   18.86%    passed     46.57%
 141  WP_221568249.1   19.60%    passed     90.08%
 142  WP_408009875.1   19.60%    passed     66.16%
 143  WP_377943444.1   19.35%    failed      4.97%
 144  WP_474678985.1   20.10%    passed     98.44%
 145  WP_236331319.1   19.98%    passed     92.87%
 146  WP_063179227.1   19.73%    passed     27.38%
 147  WP_188530354.1   19.85%    passed     97.96%
 148  WP_249730408.1   21.09%    passed     89.60%
 149  WP_144851136.1   19.23%    passed     39.35%
 150  WP_271342263.1   20.47%    passed     21.56%
 151  WP_379322404.1   19.11%    passed     40.46%
 152  WP_308173812.1   19.85%    passed     67.07%
 153  MDP4154369.1     19.85%    passed     22.12%
 154  WP_188387358.1   19.73%    passed     69.29%
 155  WP_062493101.1   19.35%    failed      0.10%
 156  WP_202078830.1   19.60%    passed     45.49%
 157  MFD3449695.1     19.73%    passed     70.10%
 158  WP_020060407.1   19.73%    passed     39.35%
 159  WP_035431194.1   19.73%    passed     45.33%
 160  WP_090914672.1   19.73%    passed     56.68%
 161  WP_230460689.1   19.98%    passed     94.77%
 162  WP_041067727.1   19.60%    passed     46.69%
 163  WP_190997881.1   19.98%    passed     52.48%
 164  WP_050614951.1   19.60%    passed     92.52%
 165  WP_307893770.1   20.35%    passed     97.03%
 166  WP_326142141.1   28.16%    passed     99.63%
 167  WP_079289573.1   35.98%    passed     99.24%
 168  WP_095289919.1   20.10%    passed     85.80%
 169  WP_006636650.1   20.10%    passed     97.56%
 170  WP_046525541.1   19.85%    passed     98.95%
 171  WP_198055245.1   19.73%    passed     63.77%
 172  WP_026965462.1   19.73%    passed     17.81%
 173  WP_256233886.1   19.85%    passed     88.86%
 174  WP_289371338.1   20.47%    passed     25.14%
 175  WP_136351696.1   19.85%    passed     99.81%
 176  WP_343800368.1   19.85%    passed     99.35%
 177  MGM0852453.1     19.73%    passed     99.61%
 178  WP_203555391.1   19.85%    passed     90.57%
 179  WP_205186330.1   19.85%    passed     99.87%
 180  WP_251525773.1   19.85%    passed     71.85%
 181  WP_439251850.1   19.85%    passed     99.70%
 182  WP_417899701.1   19.85%    passed     83.09%
 183  WP_338753039.1   19.85%    passed     99.41%
 184  WP_209149902.1   19.85%    passed     99.58%
 185  WP_191158009.1   19.85%    passed     96.92%
 186  USK33104.1       19.85%    passed     95.62%
 187  WP_378935837.1   19.85%    passed     99.96%
 188  WP_101569076.1   19.98%    passed     98.28%
 189  WP_304978657.1   19.73%    passed     93.08%
 190  WP_251284200.1   19.73%    passed     97.87%
 191  WP_404354919.1   19.73%    passed     99.58%
 192  WP_264737799.1   19.73%    passed     90.32%
 193  WP_370222952.1   19.73%    passed     99.95%
 194  WP_264806830.1   19.73%    passed     99.53%
 195  WP_214722636.1   19.73%    passed     99.13%
 196  WP_394138974.1   19.73%    passed     97.31%
 197  CAG9607584.1     19.73%    passed     98.54%
 198  WP_408108662.1   19.73%    passed     80.50%
 199  WP_209123616.1   19.73%    passed     94.64%
 200  WP_205174600.1   19.73%    passed     99.51%
 201  MGM0877780.1     19.73%    passed     95.76%
 202  MBO8178592.1     19.73%    passed     97.43%
 203  WP_066198254.1   19.85%    passed     97.22%
 204  WP_132004928.1   21.22%    passed     99.10%
 205  WP_213106905.1   19.73%    passed     99.92%
 206  WP_307228611.1   19.73%    passed     99.73%
 207  WP_141432734.1   19.73%    passed     99.19%
 208  WP_091587821.1   19.98%    passed     98.36%
 209  TYR78616.1       19.73%    passed     75.41%
 210  WP_175245556.1   19.73%    passed     96.17%
 211  WP_132949104.1   19.73%    passed     99.89%
 212  MBA2872575.1     49.26%    passed     90.07%
 213  WP_412889570.1   20.35%    passed     25.91%
 214  WP_328262002.1   19.73%    failed      1.17%
 215  WP_262734323.1   19.60%    passed     32.73%
 216  WP_197130092.1   19.85%    passed     80.95%
 217  WP_205726466.1   19.85%    passed     25.61%
 218  WP_328085371.1   19.73%    passed     38.64%
 219  WP_197221039.1   19.85%    passed     31.02%
 220  WP_198767423.1   19.85%    passed     43.18%
 221  WP_394603343.1   19.60%    passed     64.84%
 222  WP_473724875.1   19.85%    passed     44.83%
 223  WP_251311815.1   19.85%    passed     77.95%
 224  WP_379833095.1   19.85%    passed     95.23%
 225  WP_130296300.1   19.85%    passed     79.14%
 226  WP_129478023.1   19.85%    passed     96.26%
 227  WP_301166095.1   19.85%    passed     96.21%
 228  WP_095117755.1   19.73%    passed      6.05%
 229  WP_106408326.1   38.21%    passed     28.35%
 230  WP_379675173.1   19.85%    passed     34.04%
 231  WP_248251299.1   19.85%    passed     93.57%
 232  WP_310759810.1   19.85%    passed     45.21%
 233  WP_251322856.1   19.98%    passed     74.97%
 234  WP_310256373.1   19.85%    passed     72.90%
 235  WP_155113495.1   20.97%    passed     19.67%
 236  WP_426863372.1   20.97%    passed     57.36%
 237  WP_123913988.1   20.10%    passed      8.44%
 238  WP_338780278.1   20.35%    passed     80.37%
 239  WP_315607124.1   19.85%    failed      0.25%
 240  WP_405452319.1   19.48%    passed     50.92%
 241  WP_124565724.1   20.60%    passed     84.36%
 242  WP_231788852.1   23.20%    passed     82.87%
 243  WP_421652894.1   21.22%    passed     36.52%
 244  WP_379596765.1   19.73%    passed     99.21%
 245  WP_336253096.1   19.60%    passed     99.50%
 246  WP_121524854.1   19.60%    passed     98.16%
 247  WP_419394361.1   20.97%    passed     99.61%
 248  WP_430107234.1   19.60%    passed     99.88%
 249  WP_115749690.1   19.73%    passed     97.51%
 250  WP_230045353.1   19.98%    passed     56.55%
 251  WP_224874912.1   19.60%    passed     97.49%
 252  WP_113969670.1   19.60%    passed     99.56%
 253  WP_201714665.1   19.73%    passed     97.95%
 254  WP_488594293.1   19.48%    passed     99.96%
 255  WP_335378743.1   19.60%    passed     99.89%
 256  WP_251483494.1   19.60%    passed     97.40%
 257  WP_335430990.1   19.60%    passed     99.99%
 258  WP_215022250.1   19.48%    passed     98.13%
 259  WP_079508713.1   19.60%    passed     96.38%
 260  WP_125478656.1   19.60%    passed     99.95%
 261  WP_475096464.1   19.60%    passed     96.79%
 262  WP_475427769.1   19.48%    passed     94.60%
 263  WP_088044239.1   19.73%    passed     36.80%
 264  WP_088072815.1   19.73%    passed      9.11%
 265  WP_098118052.1   19.73%    passed      7.72%
 266  WP_331222624.1   19.73%    failed      1.48%
 267  WP_379053633.1   19.60%    passed     98.25%
 268  WP_476138694.1   19.60%    passed     97.63%
 269  WP_175639347.1   19.60%    passed     94.75%
 270  WP_368657027.1   19.60%    passed     92.81%
 271  MGM0901813.1     19.60%    passed     99.77%
 272  WP_396652556.1   19.35%    passed     94.05%
 273  WP_046589905.1   19.60%    passed     92.09%
 274  WP_430510494.1   19.73%    passed     28.11%
 275  WP_210366632.1   19.60%    passed     99.16%
 276  WP_184525239.1   19.60%    passed     99.07%
 277  WP_251462521.1   19.48%    passed     92.31%
 278  WP_218349955.1   19.60%    passed     98.59%
 279  WP_410895171.1   19.60%    passed     90.08%
 280  WP_335693847.1   19.48%    passed     89.69%
 281  WP_335380356.1   19.60%    passed     73.74%
 282  WP_375842047.1   19.60%    passed     94.42%
 283  WP_430139450.1   19.60%    passed     99.91%
 284  WP_090831756.1   19.60%    passed     77.16%
 285  WP_163099783.1   19.60%    passed     86.23%
 286  WP_150438572.1   19.60%    passed     50.65%
 287  WP_454817849.1   19.60%    passed     98.62%
 288  WP_411257161.1   19.60%    passed     98.49%
 289  WP_420489575.1   20.10%    passed     75.38%
 290  WP_484673442.1   19.60%    passed     98.98%
 291  WP_464867902.1   19.60%    passed     92.00%
 292  WP_402622449.1   20.10%    passed     96.86%
 293  WP_483295242.1   20.10%    passed     97.50%
 294  WP_034677067.1   19.60%    passed     95.17%
 295  WP_283860343.1   19.60%    passed     92.98%
 296  WP_045516632.1   19.60%    passed     82.97%
 297  WP_179595939.1   19.60%    passed     99.62%
 298  NYE04466.1       49.63%    passed     98.17%
 299  WP_014642915.1   19.60%    passed     99.71%
 300  WP_089751961.1   19.60%    passed     97.75%
 301  WP_224894603.1   19.60%    passed     99.67%
 302  WP_244712289.1   20.72%    passed     52.37%
 303  WP_220583459.1   19.60%    passed     83.89%
 304  WP_206946261.1   19.60%    passed     45.06%
 305  WP_160917664.1   19.60%    passed     73.72%
 306  WP_406946048.1   19.60%    passed     78.38%
 307  WP_474962257.1   19.60%    passed     93.87%
 308  WP_226588834.1   19.60%    passed     76.79%
 309  WP_411789310.1   19.60%    passed     46.45%
 310  WP_085028540.1   19.60%    passed     35.53%
 311  WP_035545486.1   19.48%    passed     81.88%
 312  MGB8000546.1     40.94%    passed     40.40%
 313  WP_347551326.1   19.60%    passed     71.72%
 314  WP_224884942.1   20.84%    passed     70.34%
 315  WP_098442791.1   20.84%    passed     62.77%
 316  WP_430241152.1   19.60%    passed     86.58%
 317  WP_283152618.1   20.47%    passed     92.96%
 318  WP_427408972.1   19.98%    passed     57.02%
 319  WP_279671336.1   19.35%    passed      7.01%
 320  MIF0571434.1     29.78%    passed      6.39%
 321  WP_325805767.1   19.73%    failed      2.68%
 322  WP_098962164.1   19.48%    failed      0.35%
 323  TKI10472.1       44.91%    passed     26.63%
 324  WP_312504953.1   37.10%    failed      2.30%
 325  WP_472873237.1   19.48%    failed      0.30%
 326  WP_429691016.1   19.48%    failed      3.83%
 327  WP_431184321.1   19.35%    failed      4.30%
 328  WP_144568500.1   19.48%    passed      6.94%
 329  WP_098594832.1   19.48%    failed      0.20%
 330  WP_241815991.1   19.48%    passed     19.63%
 331  WP_276352366.1   19.11%    failed      0.00%
 332  WP_219639481.1   19.73%    failed      0.42%
 333  WP_376909552.1   21.71%    passed     81.62%
 334  WP_429833080.1   19.85%    passed     97.41%
 335  WP_173617751.1   19.85%    passed     95.99%
 336  WP_122903867.1   19.85%    passed     26.30%
 337  WP_440242499.1   19.85%    passed     45.03%
 338  WP_310670671.1   39.95%    passed     64.69%
 339  WP_122953408.1   19.85%    passed     14.78%
 340  MGM9927791.1     19.73%    passed     81.51%
 341  WP_042347136.1   19.60%    passed     86.49%
 342  MGM9923677.1     19.98%    passed     96.72%
 343  WP_402961649.1   20.10%    passed     91.29%
 344  WP_403124651.1   20.10%    passed     81.57%
 345  WP_201648119.1   20.22%    passed     82.11%
 346  WP_475728884.1   42.06%    passed    100.00%
 347  WP_377363636.1   19.73%    passed     99.94%
 348  WP_285767349.1   19.73%    passed     99.79%
 349  WP_427676494.1   19.85%    passed     99.83%
 350  WP_340372058.1   19.73%    passed     99.38%
 351  WP_328115606.1   19.73%    passed     98.71%
 352  WP_377429048.1   19.73%    passed     97.69%
 353  WP_410861556.1   19.73%    passed     93.47%
 354  WP_230160735.1   19.73%    passed     99.93%
 355  WP_406627522.1   19.60%    passed     99.82%
 356  WP_019240802.1   19.85%    passed     43.10%
 357  WP_077114160.1   19.73%    passed     99.86%
 358  WP_239432773.1   19.85%    passed     99.74%
 359  WP_060206736.1   19.85%    passed     98.57%
 360  WP_381439362.1   19.73%    passed     97.68%
 361  WP_342598111.1   19.73%    passed     99.06%
 362  WP_151532787.1   19.73%    passed     99.60%
 363  WP_217038403.1   19.73%    passed     99.89%
 364  WP_335353722.1   19.73%    passed     99.98%
 365  WP_066300398.1   19.73%    passed     96.07%
 366  WP_335424268.1   19.73%    passed     90.77%
 367  WP_335704340.1   19.73%    passed     98.10%
 368  WP_335395742.1   19.73%    passed     85.07%
 369  WP_335370013.1   31.27%    passed     99.56%
 370  MDQ0216070.1     19.73%    passed     98.92%
 371  WP_213104404.1   19.73%    passed     96.20%
 372  MDQ0268595.1     19.85%    passed     99.99%
 373  WP_053602024.1   19.73%    passed     98.42%
 374  WP_375006222.1   19.73%    passed     99.31%
 375  MBP3040987.1     19.73%    passed    100.00%
 376  WP_374720823.1   19.73%    passed     99.50%
 377  WP_117321389.1   19.73%    passed     99.90%
 378  WP_340915254.1   19.73%    passed     99.62%
 379  WP_230126401.1   19.73%    passed     99.65%
 380  WP_101585583.1   19.73%    passed     92.77%
 381  WP_152151021.1   19.73%    passed     99.96%
 382  WP_101665729.1   19.73%    passed     90.88%
 383  WP_004434480.1   19.60%    passed     97.70%
 384  WP_078410373.1   19.73%    passed     98.35%
 385  MDQ0246819.1     19.60%    passed     87.80%
 386  WP_004436721.1   19.60%    passed     95.17%
 387  WP_028399816.1   19.73%    passed     79.09%
 388  WP_377915070.1   19.73%    passed     96.58%
 389  HWO95046.1       19.73%    passed     93.63%
 390  WP_240041135.1   21.09%    failed      0.15%
 391  WP_332074911.1   19.73%    passed     25.75%
 392  WP_138883804.1   19.73%    passed      7.72%
 393  WP_139602672.1   19.73%    passed     96.20%
 394  WP_270879558.1   19.73%    passed     42.66%
 395  WP_426452717.1   19.73%    passed      9.26%
 396  AEI44782.1       33.37%    passed     48.29%
 397  WP_144702989.1   19.73%    passed      7.09%
 398  WP_379455811.1   19.73%    passed     64.99%
 399  WP_094018107.1   19.73%    passed     79.15%
 400  WP_341417155.1   19.73%    passed     78.87%
 401  WP_147951619.1   19.73%    passed     38.64%
 402  WP_131015618.1   18.49%    passed     51.23%
 403  WP_216539374.1   19.73%    passed      5.91%
 404  WP_377473303.1   19.73%    passed     36.14%
 405  WP_213522261.1   19.85%    passed     14.11%
 406  MII2459208.1     19.48%    passed     96.67%
 407  WP_274365841.1   19.73%    passed     99.19%
 408  WP_079912207.1   19.73%    passed     22.07%
 409  WP_090792359.1   19.73%    passed     95.99%
 410  WP_218090145.1   19.85%    failed      0.15%
 411  WP_282937361.1   19.73%    passed     96.13%
 412  WP_028550282.1   19.73%    passed     98.47%
 413  WP_218096585.1   19.85%    passed     72.60%
 414  WP_248926019.1   19.73%    passed     85.06%
 415  WP_341156358.1   19.60%    passed     98.40%
 416  WP_166153030.1   19.85%    passed     99.94%
 417  WP_238178155.1   19.73%    passed     99.35%
 418  WP_133227702.1   19.73%    passed     81.57%
 419  WP_379368056.1   19.73%    passed     97.48%
 420  WP_409340376.1   19.73%    passed     99.38%
 421  WP_464655800.1   19.73%    passed     89.68%
 422  WP_139998519.1   19.98%    passed     88.95%
 423  WP_049869145.1   19.85%    passed     75.09%
 424  WP_056637392.1   19.85%    passed     96.85%
 425  WP_475824833.1   19.85%    passed     86.01%
 426  WP_405452270.1   19.35%    passed     44.76%
 427  WP_019419012.1   19.48%    passed     63.88%
 428  WP_475797351.1   19.73%    passed     99.56%
 429  WP_102713148.1   19.73%    passed     96.78%
 430  WP_379269293.1   19.73%    passed     74.01%
 431  WP_220348659.1   19.73%    passed     89.21%
 432  WP_125653880.1   19.73%    passed     76.70%
 433  WP_114383179.1   19.73%    passed     95.34%
 434  MDF2683787.1     19.73%    passed     57.01%
 435  MIF9978659.1     19.73%    passed     83.45%
 436  WP_201637248.1   19.35%    failed      1.66%
 437  WP_038086146.1   16.25%    passed     31.26%
 438  WP_240414842.1   19.73%    passed     70.24%
 439  WP_091171297.1   19.73%    passed     68.28%
 440  WP_074952966.1   20.10%    failed      0.00%
 441  MBX5437334.1     20.10%    failed      0.00%
 442  WP_029420075.1   20.10%    failed      0.00%
 443  MCL6626766.1     19.73%    failed      0.00%
 444  WP_477555794.1   20.10%    passed     98.72%
 445  WP_159886549.1   19.48%    passed     18.62%
 446  WP_238191226.1   19.73%    passed     78.67%
 447  WP_197936813.1   19.73%    passed     95.25%
 448  WP_090824024.1   19.73%    passed     87.17%
 449  WP_079409246.1   19.73%    passed     91.69%
 450  WP_379302740.1   19.73%    passed     70.55%
 451  WP_414858904.1   20.35%    passed     96.72%
 452  WP_060647049.1   19.73%    passed     91.05%
 453  WP_307439492.1   19.73%    passed     95.60%
 454  WP_106769287.1   19.73%    passed     99.56%
 455  WP_087567509.1   19.73%    passed     89.84%
 456  WP_046681616.1   19.73%    passed     81.67%
 457  WP_340006100.1   19.73%    passed     63.73%
 458  WP_481856752.1   20.10%    passed     72.07%
 459  WP_313998428.1   16.13%    failed      0.04%
 460  WP_036581690.1   19.35%    failed      4.76%
 461  WP_262734329.1   19.85%    passed     69.41%
 462  PFX61598.1       19.85%    passed     50.99%
 463  WP_269880234.1   19.60%    passed     23.63%
 464  WP_127486385.1   19.73%    passed     97.12%
 465  WP_136775662.1   19.35%    passed     18.88%
 466  WP_144932641.1   19.60%    passed     18.07%
 467  MDB4866102.1     19.60%    passed     31.21%
 468  WP_233696727.1   19.48%    passed     93.07%
 469  GIM47697.1       19.73%    passed     32.87%
 470  WP_108021762.1   19.48%    failed      0.90%
 471  WP_156288261.1   19.60%    passed     18.26%
 472  WP_213583967.1   19.60%    passed     25.98%
 473  WP_408011515.1   19.85%    passed     92.55%
 474  WP_135555307.1   19.73%    passed     24.62%
 475  WP_072327887.1   19.73%    passed     96.02%
 476  WP_201318857.1   19.85%    passed     67.91%
 477  WP_380704826.1   20.10%    passed     60.72%
 478  WP_309860707.1   20.47%    passed     14.45%
 479  WP_108022050.1   19.73%    passed     36.21%
 480  MDB5083210.1     36.60%    passed     49.63%
 481  WP_199622513.1   19.73%    passed     96.15%
 482  WP_107725770.1   19.98%    passed      7.68%
 483  WP_135151542.1   19.73%    passed     98.06%
 484  WP_367752922.1   19.73%    passed     94.34%
 485  WP_411502621.1   19.73%    passed     95.37%
 486  WP_203354254.1   19.73%    passed     99.92%
 487  WP_327992999.1   19.73%    passed     97.51%
 488  WP_210022903.1   19.60%    passed     63.46%
 489  WP_488977595.1   20.35%    passed     40.09%
 490  WP_430067414.1   19.98%    passed     37.54%
 491  WP_474324192.1   19.60%    passed     38.59%
 492  OYD06880.1       19.73%    passed     21.70%
 493  WP_376880293.1   19.73%    passed     22.24%
 494  WP_310766258.1   19.60%    passed     24.16%
 495  WP_251870361.1   19.73%    passed     99.86%
 496  WP_347436267.1   19.73%    passed     96.09%
 497  WP_328133233.1   35.98%    passed     92.59%
 498  WP_127605224.1   19.73%    passed     56.00%
 499  WP_408108273.1   19.73%    passed     94.72%
 500  WP_019123411.1   19.73%    passed     93.39%
 501  WP_023555514.1   19.73%    passed     90.12%
 502  WP_277547866.1   19.73%    passed     99.96%
 503  WP_304415071.1   19.73%    passed     63.56%
 504  WP_035299371.1   19.73%    passed     40.51%
 505  WP_188530979.1   19.73%    passed     97.05%
 506  WP_019003927.1   19.73%    passed     13.83%
 507  WP_138788096.1   19.73%    passed      7.17%
 508  RNB68160.1       42.93%    passed     98.64%
 509  WP_280209077.1   19.73%    passed     95.68%
 510  WP_290401984.1   19.73%    passed     98.03%
 511  WP_122917628.1   19.73%    passed     96.29%
 512  WP_441071149.1   19.73%    passed     58.88%
 513  WP_425653140.1   19.73%    passed     95.24%
 514  WP_426927781.1   19.73%    passed     98.74%
 515  MGE5702986.1     19.35%    passed     93.61%
 516  GAC2544471.1     19.85%    passed     22.84%
 517  WP_200759780.1   19.73%    passed     99.69%
 518  WP_044899156.1   19.73%    passed     74.88%
 519  WP_165207533.1   19.73%    passed     12.89%
 520  MFY0543892.1     19.73%    passed     80.76%
 521  WP_272441491.1   19.98%    passed     98.02%
 522  WP_181752642.1   19.73%    passed     80.36%
 523  WP_378432723.1   19.73%    passed     93.21%
 524  WP_096183859.1   19.73%    passed     81.41%
 525  MDQ0339720.1     19.73%    passed     94.62%
 526  WP_181740007.1   19.60%    passed     99.76%
 527  WP_057899132.1   19.73%    passed     75.02%
 528  WP_146811972.1   19.73%    passed     80.78%
 529  WP_212774699.1   19.73%    passed     77.20%
 530  MBN2909913.1     19.73%    passed     91.35%
 531  GGE24238.1       19.60%    passed     86.30%
 532  WP_379883240.1   24.57%    passed     71.33%
 533  WP_272108069.1   21.34%    failed      0.00%
 534  MIO8983352.1     21.46%    failed      0.00%
 535  WP_122641935.1   30.15%    failed      0.00%
 536  WP_149027012.1   18.49%    passed     33.09%
 537  WP_449305956.1   18.61%    failed      0.00%
 538  WP_341071942.1   35.48%    failed      0.00%
 539  WP_341117738.1   22.83%    failed      0.00%
 540  AAP11954.1       32.13%    failed      0.00%
 541  WP_159145831.1   18.49%    failed      0.00%
 542  MDG3044769.1     55.21%    failed      0.00%
WARNING: 2 sequences contain more than 50% gaps/ambiguity
****  TOTAL            20.90%  55 sequences failed composition chi2 test (p-value<5%; df=19)


Create initial parsimony tree by phylogenetic likelihood library (PLL)... 0.379 seconds
Measuring multi-threading efficiency up to 16 CPU cores
Increase to 10 rounds for branch lengths
3 trees examined
Threads: 1 / Time: 19.487 sec / Speedup: 1.000 / Efficiency: 100% / LogL: -394760
Threads: 2 / Time: 11.602 sec / Speedup: 1.680 / Efficiency: 84% / LogL: -394760
Threads: 3 / Time: 9.096 sec / Speedup: 2.142 / Efficiency: 71% / LogL: -394760
Threads: 4 / Time: 7.615 sec / Speedup: 2.559 / Efficiency: 64% / LogL: -394760
Threads: 5 / Time: 7.251 sec / Speedup: 2.687 / Efficiency: 54% / LogL: -394760
Threads: 6 / Time: 6.187 sec / Speedup: 3.150 / Efficiency: 52% / LogL: -394760
Threads: 7 / Time: 6.038 sec / Speedup: 3.227 / Efficiency: 46% / LogL: -394760
BEST NUMBER OF THREADS: 6

Perform fast likelihood tree search using LG+I+G model...
Estimate model parameters (epsilon = 5.000)
Perform nearest neighbor interchange...
Estimate model parameters (epsilon = 1.000)
1. Initial log-likelihood: -258560.819
Optimal log-likelihood: -258560.786
Proportion of invariable sites: 0.033
Gamma shape alpha: 0.982
Parameters optimization took 1 rounds (0.681 sec)
Time for fast ML tree search: 6.244 seconds

NOTE: ModelFinder requires 683 MB RAM!
ModelFinder will test up to 546 protein models (sample size: 806) ...
 No. Model         -LnL         df  AIC          AICc         BIC
  1  LG            277460.280   1081 557082.560   2896366.560  562154.703
  2  LG+I          275670.447   1082 553504.894   2897116.894  558581.729
  3  LG+G4         258752.931   1082 519669.862   2863281.862  524746.696
  4  LG+I+G4       258560.803   1083 519287.607   2867231.607  524369.133
  5  LG+R2         262710.237   1083 527586.473   2875530.473  532668.000
  6  LG+R3         259740.727   1085 521651.454   2878271.454  526742.365
  7  LG+R4         258602.775   1087 519379.551   2884691.551  524479.846
