IQ-TREE multicore version 2.0.7 for Linux 64-bit built Jan 21 2022
Developed by Bui Quang Minh, Nguyen Lam Tung, Olga Chernomor,
Heiko Schmidt, Dominik Schrempf, Michael Woodhams.

Host:    Errik (AVX2, FMA3, 7 GB RAM)
Command: iqtree2 -s ajustado_lactocillina_MSA.fasta -m MFP -bb 1000 -nt AUTO
Seed:    682237 (Using SPRNG - Scalable Parallel Random Number Generator)
Time:    Sun Oct  4 21:40:44 2026
Kernel:  AVX+FMA - auto-detect threads (4 CPU cores detected)

Reading alignment file ajustado_lactocillina_MSA.fasta ... Fasta format detected
Alignment most likely contains protein sequences
Alignment has 183 sequences with 666 columns, 653 distinct patterns
610 parsimony-informative, 20 singleton sites, 36 constant sites
                Gap/Ambiguity  Composition  p-value
   1  WP_172686359.1   15.92%    failed      0.00%
   2  HDD0571723.1     15.47%    failed      0.00%
   3  WP_449126154.1   15.77%    failed      0.00%
   4  WP_180706921.1   25.38%    failed      0.00%
   5  WP_239372408.1   15.47%    failed      0.00%
   6  WP_174167550.1   15.47%    failed      0.00%
   7  WP_136290222.1   13.81%    failed      0.00%
   8  WP_077353871.1   14.86%    failed      0.00%
   9  WP_259592873.1   13.06%    failed      0.00%
  10  WP_138068659.1   10.81%    failed      0.00%
  11  EAC2412716.1     11.56%    failed      0.00%
  12  EAE7854086.1     30.78%    failed      0.00%
  13  WP_393202637.1    8.26%    failed      0.00%
  14  WP_014642915.1    2.70%    passed     99.52%
  15  WP_089751961.1    2.70%    passed     98.04%
  16  WP_224894603.1    2.70%    passed     99.63%
  17  WP_244712289.1    4.20%    passed     70.88%
  18  WP_474962257.1    2.70%    passed     99.50%
  19  WP_206946261.1    2.70%    passed     83.70%
  20  WP_406946048.1    2.70%    passed     96.00%
  21  WP_160917664.1    2.70%    passed     89.12%
  22  WP_411789310.1    2.70%    passed     72.28%
  23  WP_085028540.1    2.70%    passed     64.14%
  24  MGB8000546.1     28.53%    passed     57.67%
  25  WP_430241152.1    2.70%    passed     88.29%
  26  WP_283152618.1    3.75%    passed     96.37%
  27  WP_427408972.1    3.15%    passed     79.03%
  28  WP_310759810.1    3.00%    passed     86.36%
  29  WP_251322856.1    3.15%    passed     94.35%
  30  WP_197130092.1    3.00%    passed     97.08%
  31  WP_197221039.1    3.00%    passed     58.03%
  32  WP_198767423.1    3.00%    passed     76.83%
  33  WP_394603343.1    3.00%    passed     85.33%
  34  WP_473724875.1    3.00%    passed     74.92%
  35  WP_071355272.1    3.00%    passed     99.62%
  36  WP_133335353.1    3.00%    passed     96.54%
  37  WP_042461349.1    3.00%    passed     99.94%
  38  WP_462412891.1    3.00%    passed     99.43%
  39  WP_207450710.1    3.00%    passed     89.67%
  40  WP_269411479.1    3.00%    passed     98.74%
  41  WP_380772463.1    3.00%    passed     97.67%
  42  WP_191815135.1    2.85%    passed     97.07%
  43  WP_144463642.1    3.00%    passed     99.89%
  44  WP_307409558.1    3.00%    passed     96.99%
  45  WP_338472432.1    3.00%    passed     99.99%
  46  WP_251556452.1    3.15%    passed     99.93%
  47  WP_203557025.1    3.15%    passed     91.60%
  48  WP_097160670.1    3.00%    passed    100.00%
  49  WP_243355304.1    3.00%    passed     99.87%
  50  WP_090635197.1    3.00%    passed     99.83%
  51  WP_435556161.1    3.00%    passed     99.78%
  52  WP_309866557.1    3.00%    passed     99.66%
  53  WP_409972123.1    3.00%    passed     99.55%
  54  WP_213126922.1    3.00%    passed     99.86%
  55  WP_059173150.1    3.00%    passed     99.08%
  56  WP_409274892.1    3.00%    passed     99.30%
  57  WP_335963767.1    3.00%    passed    100.00%
  58  WP_252295250.1    3.00%    passed     98.91%
  59  WP_119116690.1    2.85%    passed    100.00%
  60  WP_342431230.1    3.00%    passed     99.78%
  61  WP_256240891.1    3.00%    passed     99.94%
  62  WP_256233886.1    3.00%    passed     92.85%
  63  WP_308173812.1    3.00%    passed     90.14%
  64  MDP4154369.1      3.00%    passed     50.57%
  65  WP_063179227.1    2.85%    passed     13.22%
  66  WP_144932641.1    2.85%    failed      1.71%
  67  WP_026965462.1    2.85%    failed      2.87%
  68  WP_380704826.1    3.30%    passed     37.13%
  69  WP_135555307.1    2.85%    failed      1.69%
  70  WP_072327887.1    2.85%    passed     59.29%
  71  WP_304415071.1    2.85%    passed     19.21%
  72  WP_477555794.1    3.30%    passed     95.99%
  73  OYD06880.1        2.85%    failed      1.88%
  74  WP_251870361.1    2.85%    passed     96.05%
  75  WP_060647049.1    2.85%    passed     59.39%
  76  WP_046681616.1    2.85%    passed     40.50%
  77  WP_408108273.1    2.85%    passed     77.89%
  78  WP_019123411.1    2.85%    passed     77.00%
  79  WP_135151542.1    2.85%    passed     92.84%
  80  WP_165207533.1    2.85%    failed      0.97%
  81  WP_096183859.1    2.85%    passed     46.58%
  82  WP_181740007.1    2.70%    passed     93.38%
  83  WP_212774699.1    2.85%    passed     28.38%
  84  RNB68160.1       30.93%    passed     90.01%
  85  WP_122917628.1    2.85%    passed     80.99%
  86  MGE5702986.1      2.85%    passed     62.54%
  87  WP_425653140.1    2.85%    passed     90.53%
  88  WP_221568249.1    2.85%    passed     96.01%
  89  WP_408009875.1    2.85%    passed     73.83%
  90  WP_262734329.1    3.00%    passed     92.67%
  91  WP_019419012.1    2.85%    passed     18.54%
  92  WP_264806830.1    2.85%    passed     98.86%
  93  WP_214722636.1    2.85%    passed     98.81%
  94  WP_251284200.1    2.85%    passed     98.11%
  95  WP_404354919.1    2.85%    passed     97.89%
  96  WP_264737799.1    2.85%    passed     79.65%
  97  WP_370222952.1    2.85%    passed     99.65%
  98  WP_136351696.1    3.00%    passed     99.75%
  99  WP_205174600.1    2.85%    passed     98.88%
 100  MGM0852453.1      2.85%    passed     99.31%
 101  WP_203555391.1    3.00%    passed     79.98%
 102  WP_205186330.1    3.00%    passed     99.79%
 103  WP_251525773.1    3.00%    passed     70.52%
 104  WP_439251850.1    3.00%    passed     99.68%
 105  WP_417899701.1    3.00%    passed     84.17%
 106  WP_338753039.1    3.00%    passed     99.19%
 107  WP_209149902.1    3.00%    passed     97.96%
 108  WP_191158009.1    3.00%    passed     89.22%
 109  USK33104.1        3.00%    passed     80.32%
 110  WP_378935837.1    3.00%    passed     99.79%
 111  WP_101569076.1    3.15%    passed     95.20%
 112  WP_379269293.1    2.85%    passed     28.15%
 113  WP_201648119.1    3.45%    passed     87.72%
 114  WP_475728884.1   29.88%    passed    100.00%
 115  WP_335704340.1    2.85%    passed     98.79%
 116  WP_335424268.1    2.85%    passed     90.35%
 117  WP_335395742.1    2.85%    passed     82.35%
 118  TYR78616.1        2.85%    passed     90.21%
 119  WP_217038403.1    2.85%    passed     99.59%
 120  WP_335353722.1    2.85%    passed    100.00%
 121  WP_060206736.1    3.00%    passed     96.61%
 122  WP_239432773.1    3.00%    passed     99.87%
 123  WP_066198254.1    3.00%    passed     99.49%
 124  WP_307228611.1    2.85%    passed     98.07%
 125  MDQ0216070.1      2.85%    passed     99.34%
 126  WP_132949104.1    2.85%    passed     98.83%
 127  WP_175245556.1    2.85%    passed     81.90%
 128  WP_213104404.1    2.85%    passed     93.90%
 129  MDQ0268595.1      3.00%    passed     99.99%
 130  WP_209123616.1    2.85%    passed     95.96%
 131  MBP3040987.1      2.85%    passed     99.96%
 132  WP_374720823.1    2.85%    passed     96.37%
 133  WP_340915254.1    2.85%    passed     98.01%
 134  WP_078410373.1    2.85%    passed     78.24%
 135  WP_004436721.1    2.70%    passed     72.89%
 136  HWO95046.1        2.85%    passed     71.76%
 137  WP_377915070.1    2.85%    passed     77.54%
 138  WP_218090145.1    3.00%    failed      0.00%
 139  WP_238178155.1    2.85%    passed     93.28%
 140  WP_068780233.1    3.30%    passed     60.50%
 141  WP_309154692.1    3.30%    passed     81.69%
 142  WP_430165472.1    3.30%    passed     61.98%
 143  WP_251407829.1    3.30%    passed     83.65%
 144  WP_110044842.1    3.45%    passed     68.54%
 145  WP_162357576.1    3.45%    failed      1.94%
 146  WP_144699461.1    5.11%    passed     66.08%
 147  WP_341419750.1    2.85%    failed      0.08%
 148  WP_488980864.1    2.70%    passed     86.75%
 149  WP_379304933.1    3.45%    passed     96.06%
 150  WP_062493101.1    3.00%    failed      0.00%
 151  WP_230460689.1    3.15%    passed     84.55%
 152  WP_113969670.1    2.70%    passed     99.57%
 153  WP_201714665.1    2.85%    passed     95.85%
 154  WP_488594293.1    2.70%    passed     97.90%
 155  WP_251483494.1    2.70%    passed     97.25%
 156  WP_335378743.1    2.70%    passed     99.75%
 157  WP_125478656.1    2.70%    passed     98.90%
 158  WP_475096464.1    2.70%    passed     96.50%
 159  WP_475427769.1    2.55%    passed     95.37%
 160  WP_098118052.1    2.85%    passed     51.07%
 161  WP_430510494.1    2.85%    passed     81.84%
 162  WP_210366632.1    2.70%    passed     90.73%
 163  WP_184525239.1    3.00%    passed     96.21%
 164  CAG9607584.1      2.85%    passed     99.91%
 165  WP_090831756.1    2.70%    passed     91.95%
 166  WP_379596765.1    2.85%    passed     99.48%
 167  WP_379053633.1    2.70%    passed     99.75%
 168  WP_163099783.1    2.70%    passed     91.94%
 169  WP_251462521.1    2.70%    passed     84.94%
 170  WP_411257161.1    2.70%    passed     95.42%
 171  WP_464867902.1    2.70%    passed     68.93%
 172  WP_402622449.1    3.30%    passed     91.16%
 173  WP_483295242.1    3.30%    passed     91.46%
 174  WP_179595939.1    2.70%    passed     98.51%
 175  NYE04466.1       39.04%    passed     96.65%
 176  WP_272108069.1    6.31%    failed      0.00%
 177  MIO8983352.1      5.71%    failed      0.00%
 178  WP_149027012.1    3.30%    passed     75.29%
 179  WP_449305956.1    2.85%    failed      0.00%
 180  WP_159145831.1    3.15%    failed      0.00%
 181  WP_341071942.1   22.37%    failed      0.00%
 182  WP_341117738.1    7.51%    failed      0.00%
 183  AAP11954.1       18.47%    failed      0.00%
****  TOTAL             4.76%  29 sequences failed composition chi2 test (p-value<5%; df=19)


Create initial parsimony tree by phylogenetic likelihood library (PLL)... 0.109 seconds
Measuring multi-threading efficiency up to 4 CPU cores
8 trees examined
Threads: 1 / Time: 4.262 sec / Speedup: 1.000 / Efficiency: 100% / LogL: -136383
Threads: 2 / Time: 2.701 sec / Speedup: 1.578 / Efficiency: 79% / LogL: -136383
Threads: 3 / Time: 2.801 sec / Speedup: 1.522 / Efficiency: 51% / LogL: -136383
Threads: 4 / Time: 3.562 sec / Speedup: 1.196 / Efficiency: 30% / LogL: -136383
BEST NUMBER OF THREADS: 2

Perform fast likelihood tree search using LG+I+G model...
Estimate model parameters (epsilon = 5.000)
Perform nearest neighbor interchange...
Estimate model parameters (epsilon = 1.000)
1. Initial log-likelihood: -96001.718
Optimal log-likelihood: -96001.620
Proportion of invariable sites: 0.052
Gamma shape alpha: 1.100
Parameters optimization took 1 rounds (1.208 sec)
Time for fast ML tree search: 12.649 seconds

NOTE: ModelFinder requires 193 MB RAM!
ModelFinder will test up to 546 protein models (sample size: 666) ...
 No. Model         -LnL         df  AIC          AICc         BIC
  1  LG            102510.531   363 205747.062   206622.109   207381.030
  2  LG+I          101561.816   364 203851.632   204734.423   205490.102
  3  LG+G4         96113.737    364 192955.474   193838.264   194593.943
  4  LG+I+G4       96001.635    365 192733.269   193623.869   194376.240
  5  LG+R2         97329.492    365 195388.985   196279.585   197031.956
  6  LG+R3         96380.707    367 193495.415   194401.831   195147.388
  7  LG+R4         96053.365    369 192844.729   193767.229   194505.705
  8  LG+R5         95872.746    371 192487.491   193426.348   194157.469
  9  LG+R6         95812.667    373 192371.334   193326.828   194050.316
 10  LG+R7         95791.367    375 192332.734   193305.148   194020.718
 11  LG+R8         95780.873    377 192315.746   193305.371   194012.732
